Archive member included to satisfy reference by file (symbol)

c:/st/stm32cubeide_1.9.0/stm32cubeide/plugins/com.st.stm32cube.ide.mcu.externaltools.gnu-tools-for-stm32.10.3-2021.10.win32_1.0.0.202111181127/tools/bin/../lib/gcc/arm-none-eabi/10.3.1/../../../../arm-none-eabi/lib/thumb/v7e-m+fp/hard\libc_nano.a(lib_a-errno.o)
                              ./Core/Src/syscalls.o (__errno)
c:/st/stm32cubeide_1.9.0/stm32cubeide/plugins/com.st.stm32cube.ide.mcu.externaltools.gnu-tools-for-stm32.10.3-2021.10.win32_1.0.0.202111181127/tools/bin/../lib/gcc/arm-none-eabi/10.3.1/../../../../arm-none-eabi/lib/thumb/v7e-m+fp/hard\libc_nano.a(lib_a-exit.o)
                              c:/st/stm32cubeide_1.9.0/stm32cubeide/plugins/com.st.stm32cube.ide.mcu.externaltools.gnu-tools-for-stm32.10.3-2021.10.win32_1.0.0.202111181127/tools/bin/../lib/gcc/arm-none-eabi/10.3.1/../../../../arm-none-eabi/lib/thumb/v7e-m+fp/hard/crt0.o (exit)
c:/st/stm32cubeide_1.9.0/stm32cubeide/plugins/com.st.stm32cube.ide.mcu.externaltools.gnu-tools-for-stm32.10.3-2021.10.win32_1.0.0.202111181127/tools/bin/../lib/gcc/arm-none-eabi/10.3.1/../../../../arm-none-eabi/lib/thumb/v7e-m+fp/hard\libc_nano.a(lib_a-impure.o)
                              c:/st/stm32cubeide_1.9.0/stm32cubeide/plugins/com.st.stm32cube.ide.mcu.externaltools.gnu-tools-for-stm32.10.3-2021.10.win32_1.0.0.202111181127/tools/bin/../lib/gcc/arm-none-eabi/10.3.1/../../../../arm-none-eabi/lib/thumb/v7e-m+fp/hard\libc_nano.a(lib_a-exit.o) (_global_impure_ptr)
c:/st/stm32cubeide_1.9.0/stm32cubeide/plugins/com.st.stm32cube.ide.mcu.externaltools.gnu-tools-for-stm32.10.3-2021.10.win32_1.0.0.202111181127/tools/bin/../lib/gcc/arm-none-eabi/10.3.1/../../../../arm-none-eabi/lib/thumb/v7e-m+fp/hard\libc_nano.a(lib_a-init.o)
                              c:/st/stm32cubeide_1.9.0/stm32cubeide/plugins/com.st.stm32cube.ide.mcu.externaltools.gnu-tools-for-stm32.10.3-2021.10.win32_1.0.0.202111181127/tools/bin/../lib/gcc/arm-none-eabi/10.3.1/../../../../arm-none-eabi/lib/thumb/v7e-m+fp/hard/crt0.o (__libc_init_array)
c:/st/stm32cubeide_1.9.0/stm32cubeide/plugins/com.st.stm32cube.ide.mcu.externaltools.gnu-tools-for-stm32.10.3-2021.10.win32_1.0.0.202111181127/tools/bin/../lib/gcc/arm-none-eabi/10.3.1/../../../../arm-none-eabi/lib/thumb/v7e-m+fp/hard\libc_nano.a(lib_a-memset.o)
                              c:/st/stm32cubeide_1.9.0/stm32cubeide/plugins/com.st.stm32cube.ide.mcu.externaltools.gnu-tools-for-stm32.10.3-2021.10.win32_1.0.0.202111181127/tools/bin/../lib/gcc/arm-none-eabi/10.3.1/../../../../arm-none-eabi/lib/thumb/v7e-m+fp/hard/crt0.o (memset)
c:/st/stm32cubeide_1.9.0/stm32cubeide/plugins/com.st.stm32cube.ide.mcu.externaltools.gnu-tools-for-stm32.10.3-2021.10.win32_1.0.0.202111181127/tools/bin/../lib/gcc/arm-none-eabi/10.3.1/thumb/v7e-m+fp/hard\libgcc.a(_aeabi_uldivmod.o)
                              ./Drivers/STM32G4xx_HAL_Driver/Src/stm32g4xx_hal_uart.o (__aeabi_uldivmod)
c:/st/stm32cubeide_1.9.0/stm32cubeide/plugins/com.st.stm32cube.ide.mcu.externaltools.gnu-tools-for-stm32.10.3-2021.10.win32_1.0.0.202111181127/tools/bin/../lib/gcc/arm-none-eabi/10.3.1/thumb/v7e-m+fp/hard\libgcc.a(_udivmoddi4.o)
                              c:/st/stm32cubeide_1.9.0/stm32cubeide/plugins/com.st.stm32cube.ide.mcu.externaltools.gnu-tools-for-stm32.10.3-2021.10.win32_1.0.0.202111181127/tools/bin/../lib/gcc/arm-none-eabi/10.3.1/thumb/v7e-m+fp/hard\libgcc.a(_aeabi_uldivmod.o) (__udivmoddi4)
c:/st/stm32cubeide_1.9.0/stm32cubeide/plugins/com.st.stm32cube.ide.mcu.externaltools.gnu-tools-for-stm32.10.3-2021.10.win32_1.0.0.202111181127/tools/bin/../lib/gcc/arm-none-eabi/10.3.1/thumb/v7e-m+fp/hard\libgcc.a(_dvmd_tls.o)
                              c:/st/stm32cubeide_1.9.0/stm32cubeide/plugins/com.st.stm32cube.ide.mcu.externaltools.gnu-tools-for-stm32.10.3-2021.10.win32_1.0.0.202111181127/tools/bin/../lib/gcc/arm-none-eabi/10.3.1/thumb/v7e-m+fp/hard\libgcc.a(_aeabi_uldivmod.o) (__aeabi_ldiv0)

Discarded input sections

 .text          0x0000000000000000        0x0 c:/st/stm32cubeide_1.9.0/stm32cubeide/plugins/com.st.stm32cube.ide.mcu.externaltools.gnu-tools-for-stm32.10.3-2021.10.win32_1.0.0.202111181127/tools/bin/../lib/gcc/arm-none-eabi/10.3.1/thumb/v7e-m+fp/hard/crti.o
 .data          0x0000000000000000        0x0 c:/st/stm32cubeide_1.9.0/stm32cubeide/plugins/com.st.stm32cube.ide.mcu.externaltools.gnu-tools-for-stm32.10.3-2021.10.win32_1.0.0.202111181127/tools/bin/../lib/gcc/arm-none-eabi/10.3.1/thumb/v7e-m+fp/hard/crti.o
 .bss           0x0000000000000000        0x0 c:/st/stm32cubeide_1.9.0/stm32cubeide/plugins/com.st.stm32cube.ide.mcu.externaltools.gnu-tools-for-stm32.10.3-2021.10.win32_1.0.0.202111181127/tools/bin/../lib/gcc/arm-none-eabi/10.3.1/thumb/v7e-m+fp/hard/crti.o
[...]
Memory Configuration

Name             Origin             Length             Attributes
RAM              0x0000000020000000 0x0000000000020000 xrw
FLASH            0x0000000008000000 0x0000000000020000 xr
*default*        0x0000000000000000 0xffffffffffffffff

Linker script and memory map

LOAD c:/st/stm32cubeide_1.9.0/stm32cubeide/plugins/com.st.stm32cube.ide.mcu.externaltools.gnu-tools-for-stm32.10.3-2021.10.win32_1.0.0.202111181127/tools/bin/../lib/gcc/arm-none-eabi/10.3.1/thumb/v7e-m+fp/hard/crti.o
LOAD c:/st/stm32cubeide_1.9.0/stm32cubeide/plugins/com.st.stm32cube.ide.mcu.externaltools.gnu-tools-for-stm32.10.3-2021.10.win32_1.0.0.202111181127/tools/bin/../lib/gcc/arm-none-eabi/10.3.1/thumb/v7e-m+fp/hard/crtbegin.o
LOAD c:/st/stm32cubeide_1.9.0/stm32cubeide/plugins/com.st.stm32cube.ide.mcu.externaltools.gnu-tools-for-stm32.10.3-2021.10.win32_1.0.0.202111181127/tools/bin/../lib/gcc/arm-none-eabi/10.3.1/../../../../arm-none-eabi/lib/thumb/v7e-m+fp/hard/crt0.o
LOAD ./Core/Src/gpio.o
LOAD ./Core/Src/hrtim.o
LOAD ./Core/Src/main.o
LOAD ./Core/Src/stm32g4xx_hal_msp.o
LOAD ./Core/Src/stm32g4xx_it.o
LOAD ./Core/Src/syscalls.o
LOAD ./Core/Src/sysmem.o
LOAD ./Core/Src/system_stm32g4xx.o
LOAD ./Core/Src/usart.o
LOAD ./Core/Startup/startup_stm32g474cbtx.o
LOAD ./Drivers/STM32G4xx_HAL_Driver/Src/stm32g4xx_hal.o
LOAD ./Drivers/STM32G4xx_HAL_Driver/Src/stm32g4xx_hal_cortex.o
LOAD ./Drivers/STM32G4xx_HAL_Driver/Src/stm32g4xx_hal_dma.o
LOAD ./Drivers/STM32G4xx_HAL_Driver/Src/stm32g4xx_hal_dma_ex.o
LOAD ./Drivers/STM32G4xx_HAL_Driver/Src/stm32g4xx_hal_exti.o
LOAD ./Drivers/STM32G4xx_HAL_Driver/Src/stm32g4xx_hal_flash.o
LOAD ./Drivers/STM32G4xx_HAL_Driver/Src/stm32g4xx_hal_flash_ex.o
LOAD ./Drivers/STM32G4xx_HAL_Driver/Src/stm32g4xx_hal_flash_ramfunc.o
LOAD ./Drivers/STM32G4xx_HAL_Driver/Src/stm32g4xx_hal_gpio.o
LOAD ./Drivers/STM32G4xx_HAL_Driver/Src/stm32g4xx_hal_hrtim.o
LOAD ./Drivers/STM32G4xx_HAL_Driver/Src/stm32g4xx_hal_pcd.o
LOAD ./Drivers/STM32G4xx_HAL_Driver/Src/stm32g4xx_hal_pcd_ex.o
LOAD ./Drivers/STM32G4xx_HAL_Driver/Src/stm32g4xx_hal_pwr.o
LOAD ./Drivers/STM32G4xx_HAL_Driver/Src/stm32g4xx_hal_pwr_ex.o
LOAD ./Drivers/STM32G4xx_HAL_Driver/Src/stm32g4xx_hal_rcc.o
LOAD ./Drivers/STM32G4xx_HAL_Driver/Src/stm32g4xx_hal_rcc_ex.o
LOAD ./Drivers/STM32G4xx_HAL_Driver/Src/stm32g4xx_hal_tim.o
LOAD ./Drivers/STM32G4xx_HAL_Driver/Src/stm32g4xx_hal_tim_ex.o
LOAD ./Drivers/STM32G4xx_HAL_Driver/Src/stm32g4xx_hal_uart.o
LOAD ./Drivers/STM32G4xx_HAL_Driver/Src/stm32g4xx_hal_uart_ex.o
LOAD ./Drivers/STM32G4xx_HAL_Driver/Src/stm32g4xx_ll_usb.o
LOAD ./Middlewares/ST/STM32_USB_Device_Library/Class/CDC/Src/usbd_cdc.o
LOAD ./Middlewares/ST/STM32_USB_Device_Library/Core/Src/usbd_core.o
LOAD ./Middlewares/ST/STM32_USB_Device_Library/Core/Src/usbd_ctlreq.o
LOAD ./Middlewares/ST/STM32_USB_Device_Library/Core/Src/usbd_ioreq.o
LOAD ./USB_Device/App/usb_device.o
LOAD ./USB_Device/App/usbd_cdc_if.o
LOAD ./USB_Device/App/usbd_desc.o
LOAD ./USB_Device/Target/usbd_conf.o
START GROUP
LOAD c:/st/stm32cubeide_1.9.0/stm32cubeide/plugins/com.st.stm32cube.ide.mcu.externaltools.gnu-tools-for-stm32.10.3-2021.10.win32_1.0.0.202111181127/tools/bin/../lib/gcc/arm-none-eabi/10.3.1/../../../../arm-none-eabi/lib/thumb/v7e-m+fp/hard\libc_nano.a
LOAD c:/st/stm32cubeide_1.9.0/stm32cubeide/plugins/com.st.stm32cube.ide.mcu.externaltools.gnu-tools-for-stm32.10.3-2021.10.win32_1.0.0.202111181127/tools/bin/../lib/gcc/arm-none-eabi/10.3.1/../../../../arm-none-eabi/lib/thumb/v7e-m+fp/hard\libm.a
END GROUP
START GROUP
LOAD c:/st/stm32cubeide_1.9.0/stm32cubeide/plugins/com.st.stm32cube.ide.mcu.externaltools.gnu-tools-for-stm32.10.3-2021.10.win32_1.0.0.202111181127/tools/bin/../lib/gcc/arm-none-eabi/10.3.1/thumb/v7e-m+fp/hard\libgcc.a
LOAD c:/st/stm32cubeide_1.9.0/stm32cubeide/plugins/com.st.stm32cube.ide.mcu.externaltools.gnu-tools-for-stm32.10.3-2021.10.win32_1.0.0.202111181127/tools/bin/../lib/gcc/arm-none-eabi/10.3.1/../../../../arm-none-eabi/lib/thumb/v7e-m+fp/hard\libc_nano.a
END GROUP
START GROUP
LOAD c:/st/stm32cubeide_1.9.0/stm32cubeide/plugins/com.st.stm32cube.ide.mcu.externaltools.gnu-tools-for-stm32.10.3-2021.10.win32_1.0.0.202111181127/tools/bin/../lib/gcc/arm-none-eabi/10.3.1/thumb/v7e-m+fp/hard\libgcc.a
LOAD c:/st/stm32cubeide_1.9.0/stm32cubeide/plugins/com.st.stm32cube.ide.mcu.externaltools.gnu-tools-for-stm32.10.3-2021.10.win32_1.0.0.202111181127/tools/bin/../lib/gcc/arm-none-eabi/10.3.1/../../../../arm-none-eabi/lib/thumb/v7e-m+fp/hard\libc_nano.a
LOAD c:/st/stm32cubeide_1.9.0/stm32cubeide/plugins/com.st.stm32cube.ide.mcu.externaltools.gnu-tools-for-stm32.10.3-2021.10.win32_1.0.0.202111181127/tools/bin/../lib/gcc/arm-none-eabi/10.3.1/../../../../arm-none-eabi/lib/thumb/v7e-m+fp/hard\libnosys.a
END GROUP
START GROUP
LOAD c:/st/stm32cubeide_1.9.0/stm32cubeide/plugins/com.st.stm32cube.ide.mcu.externaltools.gnu-tools-for-stm32.10.3-2021.10.win32_1.0.0.202111181127/tools/bin/../lib/gcc/arm-none-eabi/10.3.1/thumb/v7e-m+fp/hard\libgcc.a
LOAD c:/st/stm32cubeide_1.9.0/stm32cubeide/plugins/com.st.stm32cube.ide.mcu.externaltools.gnu-tools-for-stm32.10.3-2021.10.win32_1.0.0.202111181127/tools/bin/../lib/gcc/arm-none-eabi/10.3.1/../../../../arm-none-eabi/lib/thumb/v7e-m+fp/hard\libc_nano.a
LOAD c:/st/stm32cubeide_1.9.0/stm32cubeide/plugins/com.st.stm32cube.ide.mcu.externaltools.gnu-tools-for-stm32.10.3-2021.10.win32_1.0.0.202111181127/tools/bin/../lib/gcc/arm-none-eabi/10.3.1/../../../../arm-none-eabi/lib/thumb/v7e-m+fp/hard\libnosys.a
END GROUP
LOAD c:/st/stm32cubeide_1.9.0/stm32cubeide/plugins/com.st.stm32cube.ide.mcu.externaltools.gnu-tools-for-stm32.10.3-2021.10.win32_1.0.0.202111181127/tools/bin/../lib/gcc/arm-none-eabi/10.3.1/thumb/v7e-m+fp/hard/crtend.o
LOAD c:/st/stm32cubeide_1.9.0/stm32cubeide/plugins/com.st.stm32cube.ide.mcu.externaltools.gnu-tools-for-stm32.10.3-2021.10.win32_1.0.0.202111181127/tools/bin/../lib/gcc/arm-none-eabi/10.3.1/thumb/v7e-m+fp/hard/crtn.o
                0x0000000020020000                _estack = (ORIGIN (RAM) + LENGTH (RAM))
                0x0000000000000200                _Min_Heap_Size = 0x200
                0x0000000000000400                _Min_Stack_Size = 0x400

.isr_vector     0x0000000008000000      0x1d8
                0x0000000008000000                . = ALIGN (0x4)
 *(.isr_vector)
 .isr_vector    0x0000000008000000      0x1d8 ./Core/Startup/startup_stm32g474cbtx.o
                0x0000000008000000                g_pfnVectors
                0x00000000080001d8                . = ALIGN (0x4)

.text           0x00000000080001d8     0x9c24
                0x00000000080001d8                . = ALIGN (0x4)
 *(.text)
 .text          0x00000000080001d8       0x40 c:/st/stm32cubeide_1.9.0/stm32cubeide/plugins/com.st.stm32cube.ide.mcu.externaltools.gnu-tools-for-stm32.10.3-2021.10.win32_1.0.0.202111181127/tools/bin/../lib/gcc/arm-none-eabi/10.3.1/thumb/v7e-m+fp/hard/crtbegin.o
 .text          0x0000000008000218       0x30 c:/st/stm32cubeide_1.9.0/stm32cubeide/plugins/com.st.stm32cube.ide.mcu.externaltools.gnu-tools-for-stm32.10.3-2021.10.win32_1.0.0.202111181127/tools/bin/../lib/gcc/arm-none-eabi/10.3.1/thumb/v7e-m+fp/hard\libgcc.a(_aeabi_uldivmod.o)
                0x0000000008000218                __aeabi_uldivmod
 .text          0x0000000008000248      0x2d0 c:/st/stm32cubeide_1.9.0/stm32cubeide/plugins/com.st.stm32cube.ide.mcu.externaltools.gnu-tools-for-stm32.10.3-2021.10.win32_1.0.0.202111181127/tools/bin/../lib/gcc/arm-none-eabi/10.3.1/thumb/v7e-m+fp/hard\libgcc.a(_udivmoddi4.o)
                0x0000000008000248                __udivmoddi4
 .text          0x0000000008000518        0x4 c:/st/stm32cubeide_1.9.0/stm32cubeide/plugins/com.st.stm32cube.ide.mcu.externaltools.gnu-tools-for-stm32.10.3-2021.10.win32_1.0.0.202111181127/tools/bin/../lib/gcc/arm-none-eabi/10.3.1/thumb/v7e-m+fp/hard\libgcc.a(_dvmd_tls.o)
                0x0000000008000518                __aeabi_idiv0
                0x0000000008000518                __aeabi_ldiv0
 *(.text*)
 .text.MX_GPIO_Init
                0x000000000800051c      0x130 ./Core/Src/gpio.o
                0x000000000800051c                MX_GPIO_Init
 .text.MX_HRTIM1_Init
                0x000000000800064c      0x170 ./Core/Src/hrtim.o
                0x000000000800064c                MX_HRTIM1_Init
 .text.HAL_HRTIM_MspInit
                0x00000000080007bc       0x40 ./Core/Src/hrtim.o
                0x00000000080007bc                HAL_HRTIM_MspInit
 .text.HAL_HRTIM_MspPostInit
                0x00000000080007fc       0xac ./Core/Src/hrtim.o
                0x00000000080007fc                HAL_HRTIM_MspPostInit
 .text.main     0x00000000080008a8       0x58 ./Core/Src/main.o
                0x00000000080008a8                main
 .text.SystemClock_Config
                0x0000000008000900       0x9a ./Core/Src/main.o
                0x0000000008000900                SystemClock_Config
 .text.Error_Handler
                0x000000000800099a        0xa ./Core/Src/main.o
                0x000000000800099a                Error_Handler
 .text.HAL_MspInit
                0x00000000080009a4       0x48 ./Core/Src/stm32g4xx_hal_msp.o
                0x00000000080009a4                HAL_MspInit
 .text.NMI_Handler
                0x00000000080009ec        0x6 ./Core/Src/stm32g4xx_it.o
                0x00000000080009ec                NMI_Handler
 .text.HardFault_Handler
                0x00000000080009f2        0x6 ./Core/Src/stm32g4xx_it.o
                0x00000000080009f2                HardFault_Handler
 .text.MemManage_Handler
                0x00000000080009f8        0x6 ./Core/Src/stm32g4xx_it.o
                0x00000000080009f8                MemManage_Handler
 .text.BusFault_Handler
                0x00000000080009fe        0x6 ./Core/Src/stm32g4xx_it.o
                0x00000000080009fe                BusFault_Handler
 .text.UsageFault_Handler
                0x0000000008000a04        0x6 ./Core/Src/stm32g4xx_it.o
                0x0000000008000a04                UsageFault_Handler
 .text.SVC_Handler
                0x0000000008000a0a        0xe ./Core/Src/stm32g4xx_it.o
                0x0000000008000a0a                SVC_Handler
 .text.DebugMon_Handler
                0x0000000008000a18        0xe ./Core/Src/stm32g4xx_it.o
                0x0000000008000a18                DebugMon_Handler
 .text.PendSV_Handler
                0x0000000008000a26        0xe ./Core/Src/stm32g4xx_it.o
                0x0000000008000a26                PendSV_Handler
 .text.SysTick_Handler
                0x0000000008000a34        0xc ./Core/Src/stm32g4xx_it.o
                0x0000000008000a34                SysTick_Handler
 .text.USB_LP_IRQHandler
                0x0000000008000a40       0x14 ./Core/Src/stm32g4xx_it.o
                0x0000000008000a40                USB_LP_IRQHandler
 .text.SystemInit
                0x0000000008000a54       0x24 ./Core/Src/system_stm32g4xx.o
                0x0000000008000a54                SystemInit
 .text.MX_USART2_UART_Init
                0x0000000008000a78       0x9c ./Core/Src/usart.o
                0x0000000008000a78                MX_USART2_UART_Init
 .text.HAL_UART_MspInit
                0x0000000008000b14       0xb0 ./Core/Src/usart.o
                0x0000000008000b14                HAL_UART_MspInit
 .text.Reset_Handler
                0x0000000008000bc4       0x50 ./Core/Startup/startup_stm32g474cbtx.o
                0x0000000008000bc4                Reset_Handler
 .text.Default_Handler
                0x0000000008000c14        0x2 ./Core/Startup/startup_stm32g474cbtx.o
                0x0000000008000c14                RTC_Alarm_IRQHandler
                0x0000000008000c14                EXTI2_IRQHandler
                0x0000000008000c14                TIM8_TRG_COM_IRQHandler
                0x0000000008000c14                TIM8_CC_IRQHandler
                0x0000000008000c14                HRTIM1_Master_IRQHandler
                0x0000000008000c14                SPI4_IRQHandler
                0x0000000008000c14                FDCAN3_IT0_IRQHandler
                0x0000000008000c14                TIM1_CC_IRQHandler
                0x0000000008000c14                HRTIM1_FLT_IRQHandler
                0x0000000008000c14                HRTIM1_TIMF_IRQHandler
                0x0000000008000c14                USB_HP_IRQHandler
                0x0000000008000c14                CORDIC_IRQHandler
                0x0000000008000c14                HRTIM1_TIMD_IRQHandler
                0x0000000008000c14                DMA2_Channel8_IRQHandler
                0x0000000008000c14                EXTI3_IRQHandler
                0x0000000008000c14                I2C3_ER_IRQHandler
                0x0000000008000c14                EXTI0_IRQHandler
                0x0000000008000c14                I2C2_EV_IRQHandler
                0x0000000008000c14                FPU_IRQHandler
                0x0000000008000c14                FDCAN1_IT1_IRQHandler
                0x0000000008000c14                TIM1_UP_TIM16_IRQHandler
                0x0000000008000c14                ADC1_2_IRQHandler
                0x0000000008000c14                HRTIM1_TIME_IRQHandler
                0x0000000008000c14                SPI1_IRQHandler
                0x0000000008000c14                TIM6_DAC_IRQHandler
                0x0000000008000c14                HRTIM1_TIMC_IRQHandler
                0x0000000008000c14                TIM8_UP_IRQHandler
                0x0000000008000c14                DMA2_Channel2_IRQHandler
                0x0000000008000c14                DMA1_Channel4_IRQHandler
                0x0000000008000c14                TIM20_TRG_COM_IRQHandler
                0x0000000008000c14                USART3_IRQHandler
                0x0000000008000c14                DMA1_Channel7_IRQHandler
                0x0000000008000c14                UART5_IRQHandler
                0x0000000008000c14                ADC3_IRQHandler
                0x0000000008000c14                TIM4_IRQHandler
                0x0000000008000c14                DMA2_Channel1_IRQHandler
                0x0000000008000c14                QUADSPI_IRQHandler
                0x0000000008000c14                I2C1_EV_IRQHandler
                0x0000000008000c14                DMA1_Channel6_IRQHandler
                0x0000000008000c14                UART4_IRQHandler
                0x0000000008000c14                DMA2_Channel4_IRQHandler
                0x0000000008000c14                TIM3_IRQHandler
                0x0000000008000c14                RCC_IRQHandler
                0x0000000008000c14                TIM20_UP_IRQHandler
                0x0000000008000c14                DMA1_Channel1_IRQHandler
                0x0000000008000c14                Default_Handler
                0x0000000008000c14                DMA2_Channel7_IRQHandler
                0x0000000008000c14                RTC_TAMP_LSECSS_IRQHandler
                0x0000000008000c14                FMAC_IRQHandler
                0x0000000008000c14                EXTI15_10_IRQHandler
                0x0000000008000c14                DMA1_Channel8_IRQHandler
                0x0000000008000c14                HRTIM1_TIMA_IRQHandler
                0x0000000008000c14                TIM7_DAC_IRQHandler
                0x0000000008000c14                FDCAN3_IT1_IRQHandler
                0x0000000008000c14                TIM5_IRQHandler
                0x0000000008000c14                UCPD1_IRQHandler
                0x0000000008000c14                I2C3_EV_IRQHandler
                0x0000000008000c14                EXTI9_5_IRQHandler
                0x0000000008000c14                RTC_WKUP_IRQHandler
                0x0000000008000c14                PVD_PVM_IRQHandler
                0x0000000008000c14                SPI2_IRQHandler
                0x0000000008000c14                ADC5_IRQHandler
                0x0000000008000c14                DMA2_Channel5_IRQHandler
                0x0000000008000c14                CRS_IRQHandler
                0x0000000008000c14                DMA1_Channel5_IRQHandler
                0x0000000008000c14                EXTI4_IRQHandler
                0x0000000008000c14                RNG_IRQHandler
                0x0000000008000c14                HRTIM1_TIMB_IRQHandler
                0x0000000008000c14                TIM1_TRG_COM_TIM17_IRQHandler
                0x0000000008000c14                FDCAN2_IT1_IRQHandler
                0x0000000008000c14                DMA1_Channel3_IRQHandler
                0x0000000008000c14                ADC4_IRQHandler
                0x0000000008000c14                WWDG_IRQHandler
                0x0000000008000c14                I2C4_EV_IRQHandler
                0x0000000008000c14                FDCAN2_IT0_IRQHandler
                0x0000000008000c14                LPUART1_IRQHandler
                0x0000000008000c14                DMA2_Channel6_IRQHandler
                0x0000000008000c14                FDCAN1_IT0_IRQHandler
                0x0000000008000c14                TIM2_IRQHandler
                0x0000000008000c14                COMP7_IRQHandler
                0x0000000008000c14                COMP1_2_3_IRQHandler
                0x0000000008000c14                EXTI1_IRQHandler
                0x0000000008000c14                USART2_IRQHandler
                0x0000000008000c14                COMP4_5_6_IRQHandler
                0x0000000008000c14                TIM20_BRK_IRQHandler
                0x0000000008000c14                I2C2_ER_IRQHandler
                0x0000000008000c14                DMA1_Channel2_IRQHandler
                0x0000000008000c14                TIM8_BRK_IRQHandler
                0x0000000008000c14                FLASH_IRQHandler
                0x0000000008000c14                TIM20_CC_IRQHandler
                0x0000000008000c14                USART1_IRQHandler
                0x0000000008000c14                SPI3_IRQHandler
                0x0000000008000c14                I2C1_ER_IRQHandler
                0x0000000008000c14                FMC_IRQHandler
                0x0000000008000c14                LPTIM1_IRQHandler
                0x0000000008000c14                DMAMUX_OVR_IRQHandler
                0x0000000008000c14                I2C4_ER_IRQHandler
                0x0000000008000c14                USBWakeUp_IRQHandler
                0x0000000008000c14                SAI1_IRQHandler
                0x0000000008000c14                DMA2_Channel3_IRQHandler
                0x0000000008000c14                TIM1_BRK_TIM15_IRQHandler
 .text.HAL_Init
                0x0000000008000c16       0x30 ./Drivers/STM32G4xx_HAL_Driver/Src/stm32g4xx_hal.o
                0x0000000008000c16                HAL_Init
 *fill*         0x0000000008000c46        0x2 
 .text.HAL_InitTick
                0x0000000008000c48       0x74 ./Drivers/STM32G4xx_HAL_Driver/Src/stm32g4xx_hal.o
                0x0000000008000c48                HAL_InitTick
 .text.HAL_IncTick
                0x0000000008000cbc       0x24 ./Drivers/STM32G4xx_HAL_Driver/Src/stm32g4xx_hal.o
                0x0000000008000cbc                HAL_IncTick
 .text.HAL_GetTick
                0x0000000008000ce0       0x18 ./Drivers/STM32G4xx_HAL_Driver/Src/stm32g4xx_hal.o
                0x0000000008000ce0                HAL_GetTick
 .text.__NVIC_SetPriorityGrouping
                0x0000000008000cf8       0x48 ./Drivers/STM32G4xx_HAL_Driver/Src/stm32g4xx_hal_cortex.o
 .text.__NVIC_GetPriorityGrouping
                0x0000000008000d40       0x1c ./Drivers/STM32G4xx_HAL_Driver/Src/stm32g4xx_hal_cortex.o
 .text.__NVIC_EnableIRQ
                0x0000000008000d5c       0x3c ./Drivers/STM32G4xx_HAL_Driver/Src/stm32g4xx_hal_cortex.o
 .text.__NVIC_SetPriority
                0x0000000008000d98       0x54 ./Drivers/STM32G4xx_HAL_Driver/Src/stm32g4xx_hal_cortex.o
 .text.NVIC_EncodePriority
                0x0000000008000dec       0x66 ./Drivers/STM32G4xx_HAL_Driver/Src/stm32g4xx_hal_cortex.o
 *fill*         0x0000000008000e52        0x2 
 .text.SysTick_Config
                0x0000000008000e54       0x44 ./Drivers/STM32G4xx_HAL_Driver/Src/stm32g4xx_hal_cortex.o
 .text.HAL_NVIC_SetPriorityGrouping
                0x0000000008000e98       0x16 ./Drivers/STM32G4xx_HAL_Driver/Src/stm32g4xx_hal_cortex.o
                0x0000000008000e98                HAL_NVIC_SetPriorityGrouping
 .text.HAL_NVIC_SetPriority
                0x0000000008000eae       0x34 ./Drivers/STM32G4xx_HAL_Driver/Src/stm32g4xx_hal_cortex.o
                0x0000000008000eae                HAL_NVIC_SetPriority
 .text.HAL_NVIC_EnableIRQ
                0x0000000008000ee2       0x1c ./Drivers/STM32G4xx_HAL_Driver/Src/stm32g4xx_hal_cortex.o
                0x0000000008000ee2                HAL_NVIC_EnableIRQ
 .text.HAL_SYSTICK_Config
                0x0000000008000efe       0x18 ./Drivers/STM32G4xx_HAL_Driver/Src/stm32g4xx_hal_cortex.o
                0x0000000008000efe                HAL_SYSTICK_Config
 *fill*         0x0000000008000f16        0x2 
 .text.HAL_GPIO_Init
                0x0000000008000f18      0x304 ./Drivers/STM32G4xx_HAL_Driver/Src/stm32g4xx_hal_gpio.o
                0x0000000008000f18                HAL_GPIO_Init
 .text.HAL_GPIO_WritePin
                0x000000000800121c       0x30 ./Drivers/STM32G4xx_HAL_Driver/Src/stm32g4xx_hal_gpio.o
                0x000000000800121c                HAL_GPIO_WritePin
 .text.HAL_HRTIM_Init
                0x000000000800124c      0x1a0 ./Drivers/STM32G4xx_HAL_Driver/Src/stm32g4xx_hal_hrtim.o
                0x000000000800124c                HAL_HRTIM_Init
 .text.HAL_HRTIM_DLLCalibrationStart
                0x00000000080013ec       0xb0 ./Drivers/STM32G4xx_HAL_Driver/Src/stm32g4xx_hal_hrtim.o
                0x00000000080013ec                HAL_HRTIM_DLLCalibrationStart
 .text.HAL_HRTIM_PollForDLLCalibration
                0x000000000800149c       0x68 ./Drivers/STM32G4xx_HAL_Driver/Src/stm32g4xx_hal_hrtim.o
                0x000000000800149c                HAL_HRTIM_PollForDLLCalibration
 .text.HAL_HRTIM_TimeBaseConfig
                0x0000000008001504       0x50 ./Drivers/STM32G4xx_HAL_Driver/Src/stm32g4xx_hal_hrtim.o
                0x0000000008001504                HAL_HRTIM_TimeBaseConfig
 .text.HAL_HRTIM_SimplePWMChannelConfig
                0x0000000008001554      0x1fc ./Drivers/STM32G4xx_HAL_Driver/Src/stm32g4xx_hal_hrtim.o
                0x0000000008001554                HAL_HRTIM_SimplePWMChannelConfig
 .text.HAL_HRTIM_WaveformTimerControl
                0x0000000008001750       0x66 ./Drivers/STM32G4xx_HAL_Driver/Src/stm32g4xx_hal_hrtim.o
                0x0000000008001750                HAL_HRTIM_WaveformTimerControl
 .text.HAL_HRTIM_WaveformOutputStart
                0x00000000080017b6       0x5a ./Drivers/STM32G4xx_HAL_Driver/Src/stm32g4xx_hal_hrtim.o
                0x00000000080017b6                HAL_HRTIM_WaveformOutputStart
 .text.HAL_HRTIM_WaveformCountStart
                0x0000000008001810       0x56 ./Drivers/STM32G4xx_HAL_Driver/Src/stm32g4xx_hal_hrtim.o
                0x0000000008001810                HAL_HRTIM_WaveformCountStart
 .text.HRTIM_MasterBase_Config
                0x0000000008001866       0x5e ./Drivers/STM32G4xx_HAL_Driver/Src/stm32g4xx_hal_hrtim.o
 .text.HRTIM_TimingUnitBase_Config
                0x00000000080018c4       0x80 ./Drivers/STM32G4xx_HAL_Driver/Src/stm32g4xx_hal_hrtim.o
 .text.HRTIM_TimingUnitWaveform_Control
                0x0000000008001944       0xc0 ./Drivers/STM32G4xx_HAL_Driver/Src/stm32g4xx_hal_hrtim.o
 .text.HRTIM_OutputConfig
                0x0000000008001a04      0x220 ./Drivers/STM32G4xx_HAL_Driver/Src/stm32g4xx_hal_hrtim.o
 .text.HRTIM_ForceRegistersUpdate
                0x0000000008001c24       0xdc ./Drivers/STM32G4xx_HAL_Driver/Src/stm32g4xx_hal_hrtim.o
 .text.HAL_PCD_Init
                0x0000000008001d00      0x19c ./Drivers/STM32G4xx_HAL_Driver/Src/stm32g4xx_hal_pcd.o
                0x0000000008001d00                HAL_PCD_Init
 .text.HAL_PCD_Start
                0x0000000008001e9c       0x44 ./Drivers/STM32G4xx_HAL_Driver/Src/stm32g4xx_hal_pcd.o
                0x0000000008001e9c                HAL_PCD_Start
 .text.HAL_PCD_IRQHandler
                0x0000000008001ee0      0x24e ./Drivers/STM32G4xx_HAL_Driver/Src/stm32g4xx_hal_pcd.o
                0x0000000008001ee0                HAL_PCD_IRQHandler
 .text.HAL_PCD_SetAddress
                0x000000000800212e       0x48 ./Drivers/STM32G4xx_HAL_Driver/Src/stm32g4xx_hal_pcd.o
                0x000000000800212e                HAL_PCD_SetAddress
 .text.HAL_PCD_EP_Open
                0x0000000008002176       0xba ./Drivers/STM32G4xx_HAL_Driver/Src/stm32g4xx_hal_pcd.o
                0x0000000008002176                HAL_PCD_EP_Open
 .text.HAL_PCD_EP_Close
                0x0000000008002230       0x90 ./Drivers/STM32G4xx_HAL_Driver/Src/stm32g4xx_hal_pcd.o
                0x0000000008002230                HAL_PCD_EP_Close
 .text.HAL_PCD_EP_Receive
                0x00000000080022c0       0x62 ./Drivers/STM32G4xx_HAL_Driver/Src/stm32g4xx_hal_pcd.o
                0x00000000080022c0                HAL_PCD_EP_Receive
 .text.HAL_PCD_EP_GetRxCount
                0x0000000008002322       0x30 ./Drivers/STM32G4xx_HAL_Driver/Src/stm32g4xx_hal_pcd.o
                0x0000000008002322                HAL_PCD_EP_GetRxCount
 .text.HAL_PCD_EP_Transmit
                0x0000000008002352       0x6e ./Drivers/STM32G4xx_HAL_Driver/Src/stm32g4xx_hal_pcd.o
                0x0000000008002352                HAL_PCD_EP_Transmit
 .text.HAL_PCD_EP_SetStall
                0x00000000080023c0       0xa4 ./Drivers/STM32G4xx_HAL_Driver/Src/stm32g4xx_hal_pcd.o
                0x00000000080023c0                HAL_PCD_EP_SetStall
 .text.HAL_PCD_EP_ClrStall
                0x0000000008002464       0xa8 ./Drivers/STM32G4xx_HAL_Driver/Src/stm32g4xx_hal_pcd.o
                0x0000000008002464                HAL_PCD_EP_ClrStall
 .text.PCD_EP_ISR_Handler
                0x000000000800250c      0x784 ./Drivers/STM32G4xx_HAL_Driver/Src/stm32g4xx_hal_pcd.o
 .text.HAL_PCD_EP_DB_Receive
                0x0000000008002c90      0x212 ./Drivers/STM32G4xx_HAL_Driver/Src/stm32g4xx_hal_pcd.o
 .text.HAL_PCD_EP_DB_Transmit
                0x0000000008002ea2      0x7ec ./Drivers/STM32G4xx_HAL_Driver/Src/stm32g4xx_hal_pcd.o
 .text.HAL_PCDEx_PMAConfig
                0x000000000800368e       0x86 ./Drivers/STM32G4xx_HAL_Driver/Src/stm32g4xx_hal_pcd_ex.o
                0x000000000800368e                HAL_PCDEx_PMAConfig
 .text.HAL_PCDEx_ActivateLPM
                0x0000000008003714       0x54 ./Drivers/STM32G4xx_HAL_Driver/Src/stm32g4xx_hal_pcd_ex.o
                0x0000000008003714                HAL_PCDEx_ActivateLPM
 .text.HAL_PWREx_ControlVoltageScaling
                0x0000000008003768      0x148 ./Drivers/STM32G4xx_HAL_Driver/Src/stm32g4xx_hal_pwr_ex.o
                0x0000000008003768                HAL_PWREx_ControlVoltageScaling
 .text.HAL_PWREx_DisableUCPDDeadBattery
                0x00000000080038b0       0x20 ./Drivers/STM32G4xx_HAL_Driver/Src/stm32g4xx_hal_pwr_ex.o
                0x00000000080038b0                HAL_PWREx_DisableUCPDDeadBattery
 .text.HAL_RCC_OscConfig
                0x00000000080038d0      0x624 ./Drivers/STM32G4xx_HAL_Driver/Src/stm32g4xx_hal_rcc.o
                0x00000000080038d0                HAL_RCC_OscConfig
 .text.HAL_RCC_ClockConfig
                0x0000000008003ef4      0x278 ./Drivers/STM32G4xx_HAL_Driver/Src/stm32g4xx_hal_rcc.o
                0x0000000008003ef4                HAL_RCC_ClockConfig
 .text.HAL_RCC_GetSysClockFreq
                0x000000000800416c       0xc4 ./Drivers/STM32G4xx_HAL_Driver/Src/stm32g4xx_hal_rcc.o
                0x000000000800416c                HAL_RCC_GetSysClockFreq
 .text.HAL_RCC_GetHCLKFreq
                0x0000000008004230       0x18 ./Drivers/STM32G4xx_HAL_Driver/Src/stm32g4xx_hal_rcc.o
                0x0000000008004230                HAL_RCC_GetHCLKFreq
 .text.HAL_RCC_GetPCLK1Freq
                0x0000000008004248       0x2c ./Drivers/STM32G4xx_HAL_Driver/Src/stm32g4xx_hal_rcc.o
                0x0000000008004248                HAL_RCC_GetPCLK1Freq
 .text.HAL_RCC_GetPCLK2Freq
                0x0000000008004274       0x2c ./Drivers/STM32G4xx_HAL_Driver/Src/stm32g4xx_hal_rcc.o
                0x0000000008004274                HAL_RCC_GetPCLK2Freq
 .text.RCC_GetSysClockFreqFromPLLSource
                0x00000000080042a0       0x8c ./Drivers/STM32G4xx_HAL_Driver/Src/stm32g4xx_hal_rcc.o
 .text.HAL_RCCEx_PeriphCLKConfig
                0x000000000800432c      0x49c ./Drivers/STM32G4xx_HAL_Driver/Src/stm32g4xx_hal_rcc_ex.o
                0x000000000800432c                HAL_RCCEx_PeriphCLKConfig
 .text.HAL_UART_Init
                0x00000000080047c8       0xa0 ./Drivers/STM32G4xx_HAL_Driver/Src/stm32g4xx_hal_uart.o
                0x00000000080047c8                HAL_UART_Init
 .text.UART_SetConfig
                0x0000000008004868      0x5f8 ./Drivers/STM32G4xx_HAL_Driver/Src/stm32g4xx_hal_uart.o
                0x0000000008004868                UART_SetConfig
 .text.UART_AdvFeatureConfig
                0x0000000008004e60      0x144 ./Drivers/STM32G4xx_HAL_Driver/Src/stm32g4xx_hal_uart.o
                0x0000000008004e60                UART_AdvFeatureConfig
 .text.UART_CheckIdleState
                0x0000000008004fa4      0x154 ./Drivers/STM32G4xx_HAL_Driver/Src/stm32g4xx_hal_uart.o
                0x0000000008004fa4                UART_CheckIdleState
 .text.UART_WaitOnFlagUntilTimeout
                0x00000000080050f8       0xda ./Drivers/STM32G4xx_HAL_Driver/Src/stm32g4xx_hal_uart.o
                0x00000000080050f8                UART_WaitOnFlagUntilTimeout
 .text.UART_EndRxTransfer
                0x00000000080051d2       0xcc ./Drivers/STM32G4xx_HAL_Driver/Src/stm32g4xx_hal_uart.o
 .text.HAL_UARTEx_DisableFifoMode
                0x000000000800529e       0x72 ./Drivers/STM32G4xx_HAL_Driver/Src/stm32g4xx_hal_uart_ex.o
                0x000000000800529e                HAL_UARTEx_DisableFifoMode
 .text.HAL_UARTEx_SetTxFifoThreshold
                0x0000000008005310       0x7c ./Drivers/STM32G4xx_HAL_Driver/Src/stm32g4xx_hal_uart_ex.o
                0x0000000008005310                HAL_UARTEx_SetTxFifoThreshold
 .text.HAL_UARTEx_SetRxFifoThreshold
                0x000000000800538c       0x7c ./Drivers/STM32G4xx_HAL_Driver/Src/stm32g4xx_hal_uart_ex.o
                0x000000000800538c                HAL_UARTEx_SetRxFifoThreshold
 .text.UARTEx_SetNbDataToProcess
                0x0000000008005408       0x9c ./Drivers/STM32G4xx_HAL_Driver/Src/stm32g4xx_hal_uart_ex.o
 .text.USB_EnableGlobalInt
                0x00000000080054a4       0x2e ./Drivers/STM32G4xx_HAL_Driver/Src/stm32g4xx_ll_usb.o
                0x00000000080054a4                USB_EnableGlobalInt
 .text.USB_DisableGlobalInt
                0x00000000080054d2       0x36 ./Drivers/STM32G4xx_HAL_Driver/Src/stm32g4xx_ll_usb.o
                0x00000000080054d2                USB_DisableGlobalInt
 .text.USB_DevInit
                0x0000000008005508       0x3c ./Drivers/STM32G4xx_HAL_Driver/Src/stm32g4xx_ll_usb.o
                0x0000000008005508                USB_DevInit
 .text.USB_ActivateEndpoint
                0x0000000008005544      0x788 ./Drivers/STM32G4xx_HAL_Driver/Src/stm32g4xx_ll_usb.o
                0x0000000008005544                USB_ActivateEndpoint
 .text.USB_DeactivateEndpoint
                0x0000000008005ccc      0x3da ./Drivers/STM32G4xx_HAL_Driver/Src/stm32g4xx_ll_usb.o
                0x0000000008005ccc                USB_DeactivateEndpoint
 .text.USB_EPStartXfer
                0x00000000080060a6     0x1762 ./Drivers/STM32G4xx_HAL_Driver/Src/stm32g4xx_ll_usb.o
                0x00000000080060a6                USB_EPStartXfer
 .text.USB_EPSetStall
                0x0000000008007808       0xa2 ./Drivers/STM32G4xx_HAL_Driver/Src/stm32g4xx_ll_usb.o
                0x0000000008007808                USB_EPSetStall
 .text.USB_EPClearStall
                0x00000000080078aa      0x15c ./Drivers/STM32G4xx_HAL_Driver/Src/stm32g4xx_ll_usb.o
                0x00000000080078aa                USB_EPClearStall
 .text.USB_SetDevAddress
                0x0000000008007a06       0x28 ./Drivers/STM32G4xx_HAL_Driver/Src/stm32g4xx_ll_usb.o
                0x0000000008007a06                USB_SetDevAddress
 .text.USB_DevConnect
                0x0000000008007a2e       0x2e ./Drivers/STM32G4xx_HAL_Driver/Src/stm32g4xx_ll_usb.o
                0x0000000008007a2e                USB_DevConnect
 .text.USB_ReadInterrupts
                0x0000000008007a5c       0x20 ./Drivers/STM32G4xx_HAL_Driver/Src/stm32g4xx_ll_usb.o
                0x0000000008007a5c                USB_ReadInterrupts
 .text.USB_WritePMA
                0x0000000008007a7c       0x84 ./Drivers/STM32G4xx_HAL_Driver/Src/stm32g4xx_ll_usb.o
                0x0000000008007a7c                USB_WritePMA
 .text.USB_ReadPMA
                0x0000000008007b00       0x98 ./Drivers/STM32G4xx_HAL_Driver/Src/stm32g4xx_ll_usb.o
                0x0000000008007b00                USB_ReadPMA
 .text.USBD_CDC_Init
                0x0000000008007b98       0xfe ./Middlewares/ST/STM32_USB_Device_Library/Class/CDC/Src/usbd_cdc.o
 .text.USBD_CDC_DeInit
                0x0000000008007c96       0x74 ./Middlewares/ST/STM32_USB_Device_Library/Class/CDC/Src/usbd_cdc.o
 *fill*         0x0000000008007d0a        0x2 
 .text.USBD_CDC_Setup
                0x0000000008007d0c      0x190 ./Middlewares/ST/STM32_USB_Device_Library/Class/CDC/Src/usbd_cdc.o
 .text.USBD_CDC_DataIn
                0x0000000008007e9c       0xca ./Middlewares/ST/STM32_USB_Device_Library/Class/CDC/Src/usbd_cdc.o
 .text.USBD_CDC_DataOut
                0x0000000008007f66       0x56 ./Middlewares/ST/STM32_USB_Device_Library/Class/CDC/Src/usbd_cdc.o
 .text.USBD_CDC_EP0_RxReady
                0x0000000008007fbc       0x5a ./Middlewares/ST/STM32_USB_Device_Library/Class/CDC/Src/usbd_cdc.o
 *fill*         0x0000000008008016        0x2 
 .text.USBD_CDC_GetFSCfgDesc
                0x0000000008008018       0x20 ./Middlewares/ST/STM32_USB_Device_Library/Class/CDC/Src/usbd_cdc.o
 .text.USBD_CDC_GetHSCfgDesc
                0x0000000008008038       0x20 ./Middlewares/ST/STM32_USB_Device_Library/Class/CDC/Src/usbd_cdc.o
 .text.USBD_CDC_GetOtherSpeedCfgDesc
                0x0000000008008058       0x20 ./Middlewares/ST/STM32_USB_Device_Library/Class/CDC/Src/usbd_cdc.o
 .text.USBD_CDC_GetDeviceQualifierDescriptor
                0x0000000008008078       0x20 ./Middlewares/ST/STM32_USB_Device_Library/Class/CDC/Src/usbd_cdc.o
                0x0000000008008078                USBD_CDC_GetDeviceQualifierDescriptor
 .text.USBD_CDC_RegisterInterface
                0x0000000008008098       0x2a ./Middlewares/ST/STM32_USB_Device_Library/Class/CDC/Src/usbd_cdc.o
                0x0000000008008098                USBD_CDC_RegisterInterface
 .text.USBD_CDC_SetTxBuffer
                0x00000000080080c2       0x3c ./Middlewares/ST/STM32_USB_Device_Library/Class/CDC/Src/usbd_cdc.o
                0x00000000080080c2                USBD_CDC_SetTxBuffer
 .text.USBD_CDC_SetRxBuffer
                0x00000000080080fe       0x32 ./Middlewares/ST/STM32_USB_Device_Library/Class/CDC/Src/usbd_cdc.o
                0x00000000080080fe                USBD_CDC_SetRxBuffer
 .text.USBD_CDC_ReceivePacket
                0x0000000008008130       0x54 ./Middlewares/ST/STM32_USB_Device_Library/Class/CDC/Src/usbd_cdc.o
                0x0000000008008130                USBD_CDC_ReceivePacket
 .text.USBD_Init
                0x0000000008008184       0x60 ./Middlewares/ST/STM32_USB_Device_Library/Core/Src/usbd_core.o
                0x0000000008008184                USBD_Init
 .text.USBD_RegisterClass
                0x00000000080081e4       0x4e ./Middlewares/ST/STM32_USB_Device_Library/Core/Src/usbd_core.o
                0x00000000080081e4                USBD_RegisterClass
 .text.USBD_Start
                0x0000000008008232       0x18 ./Middlewares/ST/STM32_USB_Device_Library/Core/Src/usbd_core.o
                0x0000000008008232                USBD_Start
 .text.USBD_RunTestMode
                0x000000000800824a       0x16 ./Middlewares/ST/STM32_USB_Device_Library/Core/Src/usbd_core.o
                0x000000000800824a                USBD_RunTestMode
 .text.USBD_SetClassConfig
                0x0000000008008260       0x38 ./Middlewares/ST/STM32_USB_Device_Library/Core/Src/usbd_core.o
                0x0000000008008260                USBD_SetClassConfig
 .text.USBD_ClrClassConfig
                0x0000000008008298       0x30 ./Middlewares/ST/STM32_USB_Device_Library/Core/Src/usbd_core.o
                0x0000000008008298                USBD_ClrClassConfig
 .text.USBD_LL_SetupStage
                0x00000000080082c8       0xaa ./Middlewares/ST/STM32_USB_Device_Library/Core/Src/usbd_core.o
                0x00000000080082c8                USBD_LL_SetupStage
 .text.USBD_LL_DataOutStage
                0x0000000008008372       0xc6 ./Middlewares/ST/STM32_USB_Device_Library/Core/Src/usbd_core.o
                0x0000000008008372                USBD_LL_DataOutStage
 .text.USBD_LL_DataInStage
                0x0000000008008438      0x12c ./Middlewares/ST/STM32_USB_Device_Library/Core/Src/usbd_core.o
                0x0000000008008438                USBD_LL_DataInStage
 .text.USBD_LL_Reset
                0x0000000008008564       0x9c ./Middlewares/ST/STM32_USB_Device_Library/Core/Src/usbd_core.o
                0x0000000008008564                USBD_LL_Reset
 .text.USBD_LL_SetSpeed
                0x0000000008008600       0x20 ./Middlewares/ST/STM32_USB_Device_Library/Core/Src/usbd_core.o
                0x0000000008008600                USBD_LL_SetSpeed
 .text.USBD_LL_Suspend
                0x0000000008008620       0x2c ./Middlewares/ST/STM32_USB_Device_Library/Core/Src/usbd_core.o
                0x0000000008008620                USBD_LL_Suspend
 .text.USBD_LL_Resume
                0x000000000800864c       0x30 ./Middlewares/ST/STM32_USB_Device_Library/Core/Src/usbd_core.o
                0x000000000800864c                USBD_LL_Resume
 .text.USBD_LL_SOF
                0x000000000800867c       0x44 ./Middlewares/ST/STM32_USB_Device_Library/Core/Src/usbd_core.o
                0x000000000800867c                USBD_LL_SOF
 .text.SWAPBYTE
                0x00000000080086c0       0x3c ./Middlewares/ST/STM32_USB_Device_Library/Core/Src/usbd_ctlreq.o
 .text.USBD_StdDevReq
                0x00000000080086fc       0xdc ./Middlewares/ST/STM32_USB_Device_Library/Core/Src/usbd_ctlreq.o
                0x00000000080086fc                USBD_StdDevReq
 .text.USBD_StdItfReq
                0x00000000080087d8       0x92 ./Middlewares/ST/STM32_USB_Device_Library/Core/Src/usbd_ctlreq.o
                0x00000000080087d8                USBD_StdItfReq
 .text.USBD_StdEPReq
                0x000000000800886a      0x2c4 ./Middlewares/ST/STM32_USB_Device_Library/Core/Src/usbd_ctlreq.o
                0x000000000800886a                USBD_StdEPReq
 *fill*         0x0000000008008b2e        0x2 
 .text.USBD_GetDescriptor
                0x0000000008008b30      0x328 ./Middlewares/ST/STM32_USB_Device_Library/Core/Src/usbd_ctlreq.o
 .text.USBD_SetAddress
                0x0000000008008e58       0x88 ./Middlewares/ST/STM32_USB_Device_Library/Core/Src/usbd_ctlreq.o
 .text.USBD_SetConfig
                0x0000000008008ee0      0x14c ./Middlewares/ST/STM32_USB_Device_Library/Core/Src/usbd_ctlreq.o
 .text.USBD_GetConfig
                0x000000000800902c       0x6c ./Middlewares/ST/STM32_USB_Device_Library/Core/Src/usbd_ctlreq.o
 .text.USBD_GetStatus
                0x0000000008009098       0x68 ./Middlewares/ST/STM32_USB_Device_Library/Core/Src/usbd_ctlreq.o
 .text.USBD_SetFeature
                0x0000000008009100       0x28 ./Middlewares/ST/STM32_USB_Device_Library/Core/Src/usbd_ctlreq.o
 .text.USBD_ClrFeature
                0x0000000008009128       0x44 ./Middlewares/ST/STM32_USB_Device_Library/Core/Src/usbd_ctlreq.o
 .text.USBD_ParseSetupRequest
                0x000000000800916c       0x74 ./Middlewares/ST/STM32_USB_Device_Library/Core/Src/usbd_ctlreq.o
                0x000000000800916c                USBD_ParseSetupRequest
 .text.USBD_CtlError
                0x00000000080091e0       0x22 ./Middlewares/ST/STM32_USB_Device_Library/Core/Src/usbd_ctlreq.o
                0x00000000080091e0                USBD_CtlError
 .text.USBD_GetString
                0x0000000008009202       0x8c ./Middlewares/ST/STM32_USB_Device_Library/Core/Src/usbd_ctlreq.o
                0x0000000008009202                USBD_GetString
 .text.USBD_GetLen
                0x000000000800928e       0x34 ./Middlewares/ST/STM32_USB_Device_Library/Core/Src/usbd_ctlreq.o
 .text.USBD_CtlSendData
                0x00000000080092c2       0x36 ./Middlewares/ST/STM32_USB_Device_Library/Core/Src/usbd_ioreq.o
                0x00000000080092c2                USBD_CtlSendData
 .text.USBD_CtlContinueSendData
                0x00000000080092f8       0x22 ./Middlewares/ST/STM32_USB_Device_Library/Core/Src/usbd_ioreq.o
                0x00000000080092f8                USBD_CtlContinueSendData
 .text.USBD_CtlPrepareRx
                0x000000000800931a       0x3a ./Middlewares/ST/STM32_USB_Device_Library/Core/Src/usbd_ioreq.o
                0x000000000800931a                USBD_CtlPrepareRx
 .text.USBD_CtlContinueRx
                0x0000000008009354       0x22 ./Middlewares/ST/STM32_USB_Device_Library/Core/Src/usbd_ioreq.o
                0x0000000008009354                USBD_CtlContinueRx
 .text.USBD_CtlSendStatus
                0x0000000008009376       0x26 ./Middlewares/ST/STM32_USB_Device_Library/Core/Src/usbd_ioreq.o
                0x0000000008009376                USBD_CtlSendStatus
 .text.USBD_CtlReceiveStatus
                0x000000000800939c       0x26 ./Middlewares/ST/STM32_USB_Device_Library/Core/Src/usbd_ioreq.o
                0x000000000800939c                USBD_CtlReceiveStatus
 *fill*         0x00000000080093c2        0x2 
 .text.MX_USB_Device_Init
                0x00000000080093c4       0x60 ./USB_Device/App/usb_device.o
                0x00000000080093c4                MX_USB_Device_Init
 .text.CDC_Init_FS
                0x0000000008009424       0x28 ./USB_Device/App/usbd_cdc_if.o
 .text.CDC_DeInit_FS
                0x000000000800944c       0x10 ./USB_Device/App/usbd_cdc_if.o
 .text.CDC_Control_FS
                0x000000000800945c       0xbc ./USB_Device/App/usbd_cdc_if.o
 .text.CDC_Receive_FS
                0x0000000008009518       0x28 ./USB_Device/App/usbd_cdc_if.o
 .text.CDC_TransmitCplt_FS
                0x0000000008009540       0x22 ./USB_Device/App/usbd_cdc_if.o
 *fill*         0x0000000008009562        0x2 
 .text.USBD_CDC_DeviceDescriptor
                0x0000000008009564       0x24 ./USB_Device/App/usbd_desc.o
                0x0000000008009564                USBD_CDC_DeviceDescriptor
 .text.USBD_CDC_LangIDStrDescriptor
                0x0000000008009588       0x24 ./USB_Device/App/usbd_desc.o
                0x0000000008009588                USBD_CDC_LangIDStrDescriptor
 .text.USBD_CDC_ProductStrDescriptor
                0x00000000080095ac       0x3c ./USB_Device/App/usbd_desc.o
                0x00000000080095ac                USBD_CDC_ProductStrDescriptor
 .text.USBD_CDC_ManufacturerStrDescriptor
                0x00000000080095e8       0x28 ./USB_Device/App/usbd_desc.o
                0x00000000080095e8                USBD_CDC_ManufacturerStrDescriptor
 .text.USBD_CDC_SerialStrDescriptor
                0x0000000008009610       0x24 ./USB_Device/App/usbd_desc.o
                0x0000000008009610                USBD_CDC_SerialStrDescriptor
 .text.USBD_CDC_ConfigStrDescriptor
                0x0000000008009634       0x3c ./USB_Device/App/usbd_desc.o
                0x0000000008009634                USBD_CDC_ConfigStrDescriptor
 .text.USBD_CDC_InterfaceStrDescriptor
                0x0000000008009670       0x3c ./USB_Device/App/usbd_desc.o
                0x0000000008009670                USBD_CDC_InterfaceStrDescriptor
 .text.Get_SerialNum
                0x00000000080096ac       0x58 ./USB_Device/App/usbd_desc.o
 .text.IntToUnicode
                0x0000000008009704       0x7e ./USB_Device/App/usbd_desc.o
 *fill*         0x0000000008009782        0x2 
 .text.HAL_PCD_MspInit
                0x0000000008009784       0x78 ./USB_Device/Target/usbd_conf.o
                0x0000000008009784                HAL_PCD_MspInit
 .text.HAL_PCD_SetupStageCallback
                0x00000000080097fc       0x24 ./USB_Device/Target/usbd_conf.o
                0x00000000080097fc                HAL_PCD_SetupStageCallback
 .text.HAL_PCD_DataOutStageCallback
                0x0000000008009820       0x36 ./USB_Device/Target/usbd_conf.o
                0x0000000008009820                HAL_PCD_DataOutStageCallback
 .text.HAL_PCD_DataInStageCallback
                0x0000000008009856       0x34 ./USB_Device/Target/usbd_conf.o
                0x0000000008009856                HAL_PCD_DataInStageCallback
 .text.HAL_PCD_SOFCallback
                0x000000000800988a       0x1c ./USB_Device/Target/usbd_conf.o
                0x000000000800988a                HAL_PCD_SOFCallback
 .text.HAL_PCD_ResetCallback
                0x00000000080098a6       0x3c ./USB_Device/Target/usbd_conf.o
                0x00000000080098a6                HAL_PCD_ResetCallback
 *fill*         0x00000000080098e2        0x2 
 .text.HAL_PCD_SuspendCallback
                0x00000000080098e4       0x34 ./USB_Device/Target/usbd_conf.o
                0x00000000080098e4                HAL_PCD_SuspendCallback
 .text.HAL_PCD_ResumeCallback
                0x0000000008009918       0x38 ./USB_Device/Target/usbd_conf.o
                0x0000000008009918                HAL_PCD_ResumeCallback
 .text.USBD_LL_Init
                0x0000000008009950       0xc0 ./USB_Device/Target/usbd_conf.o
                0x0000000008009950                USBD_LL_Init
 .text.USBD_LL_Start
                0x0000000008009a10       0x36 ./USB_Device/Target/usbd_conf.o
                0x0000000008009a10                USBD_LL_Start
 .text.USBD_LL_OpenEP
                0x0000000008009a46       0x4c ./USB_Device/Target/usbd_conf.o
                0x0000000008009a46                USBD_LL_OpenEP
 .text.USBD_LL_CloseEP
                0x0000000008009a92       0x3e ./USB_Device/Target/usbd_conf.o
                0x0000000008009a92                USBD_LL_CloseEP
 .text.USBD_LL_StallEP
                0x0000000008009ad0       0x3e ./USB_Device/Target/usbd_conf.o
                0x0000000008009ad0                USBD_LL_StallEP
 .text.USBD_LL_ClearStallEP
                0x0000000008009b0e       0x3e ./USB_Device/Target/usbd_conf.o
                0x0000000008009b0e                USBD_LL_ClearStallEP
 .text.USBD_LL_IsStallEP
                0x0000000008009b4c       0x58 ./USB_Device/Target/usbd_conf.o
                0x0000000008009b4c                USBD_LL_IsStallEP
 .text.USBD_LL_SetUSBAddress
                0x0000000008009ba4       0x3e ./USB_Device/Target/usbd_conf.o
                0x0000000008009ba4                USBD_LL_SetUSBAddress
 .text.USBD_LL_Transmit
                0x0000000008009be2       0x42 ./USB_Device/Target/usbd_conf.o
                0x0000000008009be2                USBD_LL_Transmit
 .text.USBD_LL_PrepareReceive
                0x0000000008009c24       0x42 ./USB_Device/Target/usbd_conf.o
                0x0000000008009c24                USBD_LL_PrepareReceive
 .text.USBD_LL_GetRxDataSize
                0x0000000008009c66       0x26 ./USB_Device/Target/usbd_conf.o
                0x0000000008009c66                USBD_LL_GetRxDataSize
 .text.HAL_PCDEx_LPM_Callback
                0x0000000008009c8c       0x6c ./USB_Device/Target/usbd_conf.o
                0x0000000008009c8c                HAL_PCDEx_LPM_Callback
 .text.USBD_static_malloc
                0x0000000008009cf8       0x1c ./USB_Device/Target/usbd_conf.o
                0x0000000008009cf8                USBD_static_malloc
 .text.USBD_static_free
                0x0000000008009d14       0x14 ./USB_Device/Target/usbd_conf.o
                0x0000000008009d14                USBD_static_free
 .text.SystemClockConfig_Resume
                0x0000000008009d28        0xc ./USB_Device/Target/usbd_conf.o
 .text.USBD_Get_USB_Status
                0x0000000008009d34       0x58 ./USB_Device/Target/usbd_conf.o
 .text.__libc_init_array
                0x0000000008009d8c       0x48 c:/st/stm32cubeide_1.9.0/stm32cubeide/plugins/com.st.stm32cube.ide.mcu.externaltools.gnu-tools-for-stm32.10.3-2021.10.win32_1.0.0.202111181127/tools/bin/../lib/gcc/arm-none-eabi/10.3.1/../../../../arm-none-eabi/lib/thumb/v7e-m+fp/hard\libc_nano.a(lib_a-init.o)
                0x0000000008009d8c                __libc_init_array
 .text.memset   0x0000000008009dd4       0x10 c:/st/stm32cubeide_1.9.0/stm32cubeide/plugins/com.st.stm32cube.ide.mcu.externaltools.gnu-tools-for-stm32.10.3-2021.10.win32_1.0.0.202111181127/tools/bin/../lib/gcc/arm-none-eabi/10.3.1/../../../../arm-none-eabi/lib/thumb/v7e-m+fp/hard\libc_nano.a(lib_a-memset.o)
                0x0000000008009dd4                memset
 *(.glue_7)
 .glue_7        0x0000000008009de4        0x0 linker stubs
 *(.glue_7t)
 .glue_7t       0x0000000008009de4        0x0 linker stubs
 *(.eh_frame)
 .eh_frame      0x0000000008009de4        0x0 c:/st/stm32cubeide_1.9.0/stm32cubeide/plugins/com.st.stm32cube.ide.mcu.externaltools.gnu-tools-for-stm32.10.3-2021.10.win32_1.0.0.202111181127/tools/bin/../lib/gcc/arm-none-eabi/10.3.1/thumb/v7e-m+fp/hard/crtbegin.o
 *(.init)
 .init          0x0000000008009de4        0x4 c:/st/stm32cubeide_1.9.0/stm32cubeide/plugins/com.st.stm32cube.ide.mcu.externaltools.gnu-tools-for-stm32.10.3-2021.10.win32_1.0.0.202111181127/tools/bin/../lib/gcc/arm-none-eabi/10.3.1/thumb/v7e-m+fp/hard/crti.o
                0x0000000008009de4                _init
 .init          0x0000000008009de8        0x8 c:/st/stm32cubeide_1.9.0/stm32cubeide/plugins/com.st.stm32cube.ide.mcu.externaltools.gnu-tools-for-stm32.10.3-2021.10.win32_1.0.0.202111181127/tools/bin/../lib/gcc/arm-none-eabi/10.3.1/thumb/v7e-m+fp/hard/crtn.o
 *(.fini)
 .fini          0x0000000008009df0        0x4 c:/st/stm32cubeide_1.9.0/stm32cubeide/plugins/com.st.stm32cube.ide.mcu.externaltools.gnu-tools-for-stm32.10.3-2021.10.win32_1.0.0.202111181127/tools/bin/../lib/gcc/arm-none-eabi/10.3.1/thumb/v7e-m+fp/hard/crti.o
                0x0000000008009df0                _fini
 .fini          0x0000000008009df4        0x8 c:/st/stm32cubeide_1.9.0/stm32cubeide/plugins/com.st.stm32cube.ide.mcu.externaltools.gnu-tools-for-stm32.10.3-2021.10.win32_1.0.0.202111181127/tools/bin/../lib/gcc/arm-none-eabi/10.3.1/thumb/v7e-m+fp/hard/crtn.o
                0x0000000008009dfc                . = ALIGN (0x4)
                0x0000000008009dfc                _etext = .

.vfp11_veneer   0x0000000008009dfc        0x0
 .vfp11_veneer  0x0000000008009dfc        0x0 linker stubs

.v4_bx          0x0000000008009dfc        0x0
 .v4_bx         0x0000000008009dfc        0x0 linker stubs

.iplt           0x0000000008009dfc        0x0
 .iplt          0x0000000008009dfc        0x0 c:/st/stm32cubeide_1.9.0/stm32cubeide/plugins/com.st.stm32cube.ide.mcu.externaltools.gnu-tools-for-stm32.10.3-2021.10.win32_1.0.0.202111181127/tools/bin/../lib/gcc/arm-none-eabi/10.3.1/thumb/v7e-m+fp/hard/crtbegin.o

.rodata         0x0000000008009dfc       0x7c
                0x0000000008009dfc                . = ALIGN (0x4)
 *(.rodata)
 .rodata        0x0000000008009dfc       0x3a ./USB_Device/App/usbd_desc.o
 *(.rodata*)
 *fill*         0x0000000008009e36        0x2 
 .rodata.AHBPrescTable
                0x0000000008009e38       0x10 ./Core/Src/system_stm32g4xx.o
                0x0000000008009e38                AHBPrescTable
 .rodata.APBPrescTable
                0x0000000008009e48        0x8 ./Core/Src/system_stm32g4xx.o
                0x0000000008009e48                APBPrescTable
 .rodata.UARTPrescTable
                0x0000000008009e50       0x18 ./Drivers/STM32G4xx_HAL_Driver/Src/stm32g4xx_hal_uart.o
                0x0000000008009e50                UARTPrescTable
 .rodata.numerator.1
                0x0000000008009e68        0x8 ./Drivers/STM32G4xx_HAL_Driver/Src/stm32g4xx_hal_uart_ex.o
 .rodata.denominator.0
                0x0000000008009e70        0x8 ./Drivers/STM32G4xx_HAL_Driver/Src/stm32g4xx_hal_uart_ex.o
                0x0000000008009e78                . = ALIGN (0x4)

.ARM.extab      0x0000000008009e78        0x0
                0x0000000008009e78                . = ALIGN (0x4)
 *(.ARM.extab* .gnu.linkonce.armextab.*)
                0x0000000008009e78                . = ALIGN (0x4)

.ARM            0x0000000008009e78        0x8
                0x0000000008009e78                . = ALIGN (0x4)
                0x0000000008009e78                __exidx_start = .
 *(.ARM.exidx*)
 .ARM.exidx     0x0000000008009e78        0x8 c:/st/stm32cubeide_1.9.0/stm32cubeide/plugins/com.st.stm32cube.ide.mcu.externaltools.gnu-tools-for-stm32.10.3-2021.10.win32_1.0.0.202111181127/tools/bin/../lib/gcc/arm-none-eabi/10.3.1/thumb/v7e-m+fp/hard\libgcc.a(_udivmoddi4.o)
                0x0000000008009e80                __exidx_end = .
                0x0000000008009e80                . = ALIGN (0x4)

.rel.dyn        0x0000000008009e80        0x0
 .rel.iplt      0x0000000008009e80        0x0 c:/st/stm32cubeide_1.9.0/stm32cubeide/plugins/com.st.stm32cube.ide.mcu.externaltools.gnu-tools-for-stm32.10.3-2021.10.win32_1.0.0.202111181127/tools/bin/../lib/gcc/arm-none-eabi/10.3.1/thumb/v7e-m+fp/hard/crtbegin.o

.preinit_array  0x0000000008009e80        0x0
                0x0000000008009e80                . = ALIGN (0x4)
                0x0000000008009e80                PROVIDE (__preinit_array_start = .)
 *(.preinit_array*)
                0x0000000008009e80                PROVIDE (__preinit_array_end = .)
                0x0000000008009e80                . = ALIGN (0x4)

.init_array     0x0000000008009e80        0x4
                0x0000000008009e80                . = ALIGN (0x4)
                0x0000000008009e80                PROVIDE (__init_array_start = .)
 *(SORT_BY_NAME(.init_array.*))
 *(.init_array*)
 .init_array    0x0000000008009e80        0x4 c:/st/stm32cubeide_1.9.0/stm32cubeide/plugins/com.st.stm32cube.ide.mcu.externaltools.gnu-tools-for-stm32.10.3-2021.10.win32_1.0.0.202111181127/tools/bin/../lib/gcc/arm-none-eabi/10.3.1/thumb/v7e-m+fp/hard/crtbegin.o
                0x0000000008009e84                PROVIDE (__init_array_end = .)
                0x0000000008009e84                . = ALIGN (0x4)

.fini_array     0x0000000008009e84        0x4
                0x0000000008009e84                . = ALIGN (0x4)
                [!provide]                        PROVIDE (__fini_array_start = .)
 *(SORT_BY_NAME(.fini_array.*))
 *(.fini_array*)
 .fini_array    0x0000000008009e84        0x4 c:/st/stm32cubeide_1.9.0/stm32cubeide/plugins/com.st.stm32cube.ide.mcu.externaltools.gnu-tools-for-stm32.10.3-2021.10.win32_1.0.0.202111181127/tools/bin/../lib/gcc/arm-none-eabi/10.3.1/thumb/v7e-m+fp/hard/crtbegin.o
                [!provide]                        PROVIDE (__fini_array_end = .)
                0x0000000008009e88                . = ALIGN (0x4)
                0x0000000008009e88                _sidata = LOADADDR (.data)

.data           0x0000000020000000      0x184 load address 0x0000000008009e88
                0x0000000020000000                . = ALIGN (0x4)
                0x0000000020000000                _sdata = .
 *(.data)
 *(.data*)
 .data.SystemCoreClock
                0x0000000020000000        0x4 ./Core/Src/system_stm32g4xx.o
                0x0000000020000000                SystemCoreClock
 .data.uwTickPrio
                0x0000000020000004        0x4 ./Drivers/STM32G4xx_HAL_Driver/Src/stm32g4xx_hal.o
                0x0000000020000004                uwTickPrio
 .data.uwTickFreq
                0x0000000020000008        0x4 ./Drivers/STM32G4xx_HAL_Driver/Src/stm32g4xx_hal.o
                0x0000000020000008                uwTickFreq
 .data.USBD_CDC_DeviceQualifierDesc
                0x000000002000000c        0xa ./Middlewares/ST/STM32_USB_Device_Library/Class/CDC/Src/usbd_cdc.o
 *fill*         0x0000000020000016        0x2 
 .data.USBD_CDC
                0x0000000020000018       0x38 ./Middlewares/ST/STM32_USB_Device_Library/Class/CDC/Src/usbd_cdc.o
                0x0000000020000018                USBD_CDC
 .data.USBD_CDC_CfgHSDesc
                0x0000000020000050       0x43 ./Middlewares/ST/STM32_USB_Device_Library/Class/CDC/Src/usbd_cdc.o
 *fill*         0x0000000020000093        0x1 
 .data.USBD_CDC_CfgFSDesc
                0x0000000020000094       0x43 ./Middlewares/ST/STM32_USB_Device_Library/Class/CDC/Src/usbd_cdc.o
 *fill*         0x00000000200000d7        0x1 
 .data.USBD_CDC_OtherSpeedCfgDesc
                0x00000000200000d8       0x43 ./Middlewares/ST/STM32_USB_Device_Library/Class/CDC/Src/usbd_cdc.o
 *fill*         0x000000002000011b        0x1 
 .data.USBD_Interface_fops_FS
                0x000000002000011c       0x14 ./USB_Device/App/usbd_cdc_if.o
                0x000000002000011c                USBD_Interface_fops_FS
 .data.CDC_Desc
                0x0000000020000130       0x20 ./USB_Device/App/usbd_desc.o
                0x0000000020000130                CDC_Desc
 .data.USBD_CDC_DeviceDesc
                0x0000000020000150       0x12 ./USB_Device/App/usbd_desc.o
                0x0000000020000150                USBD_CDC_DeviceDesc
 *fill*         0x0000000020000162        0x2 
 .data.USBD_LangIDDesc
                0x0000000020000164        0x4 ./USB_Device/App/usbd_desc.o
                0x0000000020000164                USBD_LangIDDesc
 .data.USBD_StringSerial
                0x0000000020000168       0x1a ./USB_Device/App/usbd_desc.o
                0x0000000020000168                USBD_StringSerial
 *(.RamFunc)
 *(.RamFunc*)
                0x0000000020000184                . = ALIGN (0x4)
 *fill*         0x0000000020000182        0x2 
                0x0000000020000184                _edata = .

.igot.plt       0x0000000020000184        0x0 load address 0x000000000800a00c
 .igot.plt      0x0000000020000184        0x0 c:/st/stm32cubeide_1.9.0/stm32cubeide/plugins/com.st.stm32cube.ide.mcu.externaltools.gnu-tools-for-stm32.10.3-2021.10.win32_1.0.0.202111181127/tools/bin/../lib/gcc/arm-none-eabi/10.3.1/thumb/v7e-m+fp/hard/crtbegin.o
                0x0000000020000184                . = ALIGN (0x4)

.bss            0x0000000020000184     0x1b80 load address 0x000000000800a00c
                0x0000000020000184                _sbss = .
                0x0000000020000184                __bss_start__ = _sbss
 *(.bss)
 .bss           0x0000000020000184       0x1c c:/st/stm32cubeide_1.9.0/stm32cubeide/plugins/com.st.stm32cube.ide.mcu.externaltools.gnu-tools-for-stm32.10.3-2021.10.win32_1.0.0.202111181127/tools/bin/../lib/gcc/arm-none-eabi/10.3.1/thumb/v7e-m+fp/hard/crtbegin.o
 *(.bss*)
 .bss.hhrtim1   0x00000000200001a0       0xfc ./Core/Src/hrtim.o
                0x00000000200001a0                hhrtim1
 .bss.huart2    0x000000002000029c       0x94 ./Core/Src/usart.o
                0x000000002000029c                huart2
 .bss.uwTick    0x0000000020000330        0x4 ./Drivers/STM32G4xx_HAL_Driver/Src/stm32g4xx_hal.o
                0x0000000020000330                uwTick
 .bss.cfgidx.0  0x0000000020000334        0x1 ./Middlewares/ST/STM32_USB_Device_Library/Core/Src/usbd_ctlreq.o
 *fill*         0x0000000020000335        0x3 
 .bss.hUsbDeviceFS
                0x0000000020000338      0x2d0 ./USB_Device/App/usb_device.o
                0x0000000020000338                hUsbDeviceFS
 .bss.UserRxBufferFS
                0x0000000020000608      0x800 ./USB_Device/App/usbd_cdc_if.o
                0x0000000020000608                UserRxBufferFS
 .bss.UserTxBufferFS
                0x0000000020000e08      0x800 ./USB_Device/App/usbd_cdc_if.o
                0x0000000020000e08                UserTxBufferFS
 .bss.USBD_StrDesc
                0x0000000020001608      0x200 ./USB_Device/App/usbd_desc.o
                0x0000000020001608                USBD_StrDesc
 .bss.hpcd_USB_FS
                0x0000000020001808      0x2dc ./USB_Device/Target/usbd_conf.o
                0x0000000020001808                hpcd_USB_FS
 .bss.mem.0     0x0000000020001ae4      0x220 ./USB_Device/Target/usbd_conf.o
 *(COMMON)
                0x0000000020001d04                . = ALIGN (0x4)
                0x0000000020001d04                _ebss = .
                0x0000000020001d04                __bss_end__ = _ebss

._user_heap_stack
                0x0000000020001d04      0x604 load address 0x000000000800a00c
                0x0000000020001d08                . = ALIGN (0x8)
 *fill*         0x0000000020001d04        0x4 
                [!provide]                        PROVIDE (end = .)
                0x0000000020001d08                PROVIDE (_end = .)
                0x0000000020001f08                . = (. + _Min_Heap_Size)
 *fill*         0x0000000020001d08      0x200 
                0x0000000020002308                . = (. + _Min_Stack_Size)
 *fill*         0x0000000020001f08      0x400 
                0x0000000020002308                . = ALIGN (0x8)

/DISCARD/
 libc.a(*)
 libm.a(*)
 libgcc.a(*)

.ARM.attributes
                0x0000000000000000       0x30
 *(.ARM.attributes)
 .ARM.attributes
                0x0000000000000000       0x1e c:/st/stm32cubeide_1.9.0/stm32cubeide/plugins/com.st.stm32cube.ide.mcu.externaltools.gnu-tools-for-stm32.10.3-2021.10.win32_1.0.0.202111181127/tools/bin/../lib/gcc/arm-none-eabi/10.3.1/thumb/v7e-m+fp/hard/crti.o
 .ARM.attributes
                0x000000000000001e       0x34 c:/st/stm32cubeide_1.9.0/stm32cubeide/plugins/com.st.stm32cube.ide.mcu.externaltools.gnu-tools-for-stm32.10.3-2021.10.win32_1.0.0.202111181127/tools/bin/../lib/gcc/arm-none-eabi/10.3.1/thumb/v7e-m+fp/hard/crtbegin.o
 .ARM.attributes
                0x0000000000000052       0x34 ./Core/Src/gpio.o
 .ARM.attributes
                0x0000000000000086       0x34 ./Core/Src/hrtim.o
 .ARM.attributes
                0x00000000000000ba       0x34 ./Core/Src/main.o
 .ARM.attributes
                0x00000000000000ee       0x34 ./Core/Src/stm32g4xx_hal_msp.o
 .ARM.attributes
                0x0000000000000122       0x34 ./Core/Src/stm32g4xx_it.o
 .ARM.attributes
                0x0000000000000156       0x34 ./Core/Src/system_stm32g4xx.o
 .ARM.attributes
                0x000000000000018a       0x34 ./Core/Src/usart.o
 .ARM.attributes
                0x00000000000001be       0x21 ./Core/Startup/startup_stm32g474cbtx.o
 .ARM.attributes
                0x00000000000001df       0x34 ./Drivers/STM32G4xx_HAL_Driver/Src/stm32g4xx_hal.o
 .ARM.attributes
                0x0000000000000213       0x34 ./Drivers/STM32G4xx_HAL_Driver/Src/stm32g4xx_hal_cortex.o
 .ARM.attributes
                0x0000000000000247       0x34 ./Drivers/STM32G4xx_HAL_Driver/Src/stm32g4xx_hal_gpio.o
 .ARM.attributes
                0x000000000000027b       0x34 ./Drivers/STM32G4xx_HAL_Driver/Src/stm32g4xx_hal_hrtim.o
 .ARM.attributes
                0x00000000000002af       0x34 ./Drivers/STM32G4xx_HAL_Driver/Src/stm32g4xx_hal_pcd.o
 .ARM.attributes
                0x00000000000002e3       0x34 ./Drivers/STM32G4xx_HAL_Driver/Src/stm32g4xx_hal_pcd_ex.o
 .ARM.attributes
                0x0000000000000317       0x34 ./Drivers/STM32G4xx_HAL_Driver/Src/stm32g4xx_hal_pwr_ex.o
 .ARM.attributes
                0x000000000000034b       0x34 ./Drivers/STM32G4xx_HAL_Driver/Src/stm32g4xx_hal_rcc.o
 .ARM.attributes
                0x000000000000037f       0x34 ./Drivers/STM32G4xx_HAL_Driver/Src/stm32g4xx_hal_rcc_ex.o
 .ARM.attributes
                0x00000000000003b3       0x34 ./Drivers/STM32G4xx_HAL_Driver/Src/stm32g4xx_hal_uart.o
 .ARM.attributes
                0x00000000000003e7       0x34 ./Drivers/STM32G4xx_HAL_Driver/Src/stm32g4xx_hal_uart_ex.o
 .ARM.attributes
                0x000000000000041b       0x34 ./Drivers/STM32G4xx_HAL_Driver/Src/stm32g4xx_ll_usb.o
 .ARM.attributes
                0x000000000000044f       0x34 ./Middlewares/ST/STM32_USB_Device_Library/Class/CDC/Src/usbd_cdc.o
 .ARM.attributes
                0x0000000000000483       0x34 ./Middlewares/ST/STM32_USB_Device_Library/Core/Src/usbd_core.o
 .ARM.attributes
                0x00000000000004b7       0x34 ./Middlewares/ST/STM32_USB_Device_Library/Core/Src/usbd_ctlreq.o
 .ARM.attributes
                0x00000000000004eb       0x34 ./Middlewares/ST/STM32_USB_Device_Library/Core/Src/usbd_ioreq.o
 .ARM.attributes
                0x000000000000051f       0x34 ./USB_Device/App/usb_device.o
 .ARM.attributes
                0x0000000000000553       0x34 ./USB_Device/App/usbd_cdc_if.o
 .ARM.attributes
                0x0000000000000587       0x34 ./USB_Device/App/usbd_desc.o
 .ARM.attributes
                0x00000000000005bb       0x34 ./USB_Device/Target/usbd_conf.o
 .ARM.attributes
                0x00000000000005ef       0x34 c:/st/stm32cubeide_1.9.0/stm32cubeide/plugins/com.st.stm32cube.ide.mcu.externaltools.gnu-tools-for-stm32.10.3-2021.10.win32_1.0.0.202111181127/tools/bin/../lib/gcc/arm-none-eabi/10.3.1/../../../../arm-none-eabi/lib/thumb/v7e-m+fp/hard\libc_nano.a(lib_a-init.o)
 .ARM.attributes
                0x0000000000000623       0x34 c:/st/stm32cubeide_1.9.0/stm32cubeide/plugins/com.st.stm32cube.ide.mcu.externaltools.gnu-tools-for-stm32.10.3-2021.10.win32_1.0.0.202111181127/tools/bin/../lib/gcc/arm-none-eabi/10.3.1/../../../../arm-none-eabi/lib/thumb/v7e-m+fp/hard\libc_nano.a(lib_a-memset.o)
 .ARM.attributes
                0x0000000000000657       0x1e c:/st/stm32cubeide_1.9.0/stm32cubeide/plugins/com.st.stm32cube.ide.mcu.externaltools.gnu-tools-for-stm32.10.3-2021.10.win32_1.0.0.202111181127/tools/bin/../lib/gcc/arm-none-eabi/10.3.1/thumb/v7e-m+fp/hard\libgcc.a(_aeabi_uldivmod.o)
 .ARM.attributes
                0x0000000000000675       0x34 c:/st/stm32cubeide_1.9.0/stm32cubeide/plugins/com.st.stm32cube.ide.mcu.externaltools.gnu-tools-for-stm32.10.3-2021.10.win32_1.0.0.202111181127/tools/bin/../lib/gcc/arm-none-eabi/10.3.1/thumb/v7e-m+fp/hard\libgcc.a(_udivmoddi4.o)
 .ARM.attributes
                0x00000000000006a9       0x1e c:/st/stm32cubeide_1.9.0/stm32cubeide/plugins/com.st.stm32cube.ide.mcu.externaltools.gnu-tools-for-stm32.10.3-2021.10.win32_1.0.0.202111181127/tools/bin/../lib/gcc/arm-none-eabi/10.3.1/thumb/v7e-m+fp/hard\libgcc.a(_dvmd_tls.o)
 .ARM.attributes
                0x00000000000006c7       0x1e c:/st/stm32cubeide_1.9.0/stm32cubeide/plugins/com.st.stm32cube.ide.mcu.externaltools.gnu-tools-for-stm32.10.3-2021.10.win32_1.0.0.202111181127/tools/bin/../lib/gcc/arm-none-eabi/10.3.1/thumb/v7e-m+fp/hard/crtn.o
OUTPUT(Hardware.elf elf32-littlearm)
LOAD linker stubs
LOAD c:/st/stm32cubeide_1.9.0/stm32cubeide/plugins/com.st.stm32cube.ide.mcu.externaltools.gnu-tools-for-stm32.10.3-2021.10.win32_1.0.0.202111181127/tools/bin/../lib/gcc/arm-none-eabi/10.3.1/../../../../arm-none-eabi/lib/thumb/v7e-m+fp/hard\libc.a
LOAD c:/st/stm32cubeide_1.9.0/stm32cubeide/plugins/com.st.stm32cube.ide.mcu.externaltools.gnu-tools-for-stm32.10.3-2021.10.win32_1.0.0.202111181127/tools/bin/../lib/gcc/arm-none-eabi/10.3.1/../../../../arm-none-eabi/lib/thumb/v7e-m+fp/hard\libm.a
LOAD c:/st/stm32cubeide_1.9.0/stm32cubeide/plugins/com.st.stm32cube.ide.mcu.externaltools.gnu-tools-for-stm32.10.3-2021.10.win32_1.0.0.202111181127/tools/bin/../lib/gcc/arm-none-eabi/10.3.1/thumb/v7e-m+fp/hard\libgcc.a

.debug_info     0x0000000000000000    0x1bfe0
 .debug_info    0x0000000000000000      0x4fd ./Core/Src/gpio.o
 .debug_info    0x00000000000004fd     0x11bb ./Core/Src/hrtim.o
 .debug_info    0x00000000000016b8      0xd95 ./Core/Src/main.o
 .debug_info    0x000000000000244d      0x32d ./Core/Src/stm32g4xx_hal_msp.o
 .debug_info    0x000000000000277a      0x699 ./Core/Src/stm32g4xx_it.o
 .debug_info    0x0000000000002e13      0x59f ./Core/Src/system_stm32g4xx.o
 .debug_info    0x00000000000033b2      0xe00 ./Core/Src/usart.o
 .debug_info    0x00000000000041b2       0x22 ./Core/Startup/startup_stm32g474cbtx.o
 .debug_info    0x00000000000041d4      0xbe2 ./Drivers/STM32G4xx_HAL_Driver/Src/stm32g4xx_hal.o
 .debug_info    0x0000000000004db6      0xe7e ./Drivers/STM32G4xx_HAL_Driver/Src/stm32g4xx_hal_cortex.o
 .debug_info    0x0000000000005c34      0x82f ./Drivers/STM32G4xx_HAL_Driver/Src/stm32g4xx_hal_gpio.o
 .debug_info    0x0000000000006463     0x41ef ./Drivers/STM32G4xx_HAL_Driver/Src/stm32g4xx_hal_hrtim.o
 .debug_info    0x000000000000a652     0x175b ./Drivers/STM32G4xx_HAL_Driver/Src/stm32g4xx_hal_pcd.o
 .debug_info    0x000000000000bdad      0x882 ./Drivers/STM32G4xx_HAL_Driver/Src/stm32g4xx_hal_pcd_ex.o
 .debug_info    0x000000000000c62f      0x983 ./Drivers/STM32G4xx_HAL_Driver/Src/stm32g4xx_hal_pwr_ex.o
 .debug_info    0x000000000000cfb2      0xcb7 ./Drivers/STM32G4xx_HAL_Driver/Src/stm32g4xx_hal_rcc.o
 .debug_info    0x000000000000dc69      0xd32 ./Drivers/STM32G4xx_HAL_Driver/Src/stm32g4xx_hal_rcc_ex.o
 .debug_info    0x000000000000e99b     0x4abe ./Drivers/STM32G4xx_HAL_Driver/Src/stm32g4xx_hal_uart.o
 .debug_info    0x0000000000013459     0x108b ./Drivers/STM32G4xx_HAL_Driver/Src/stm32g4xx_hal_uart_ex.o
 .debug_info    0x00000000000144e4     0x17a7 ./Drivers/STM32G4xx_HAL_Driver/Src/stm32g4xx_ll_usb.o
 .debug_info    0x0000000000015c8b     0x11b4 ./Middlewares/ST/STM32_USB_Device_Library/Class/CDC/Src/usbd_cdc.o
 .debug_info    0x0000000000016e3f      0xbcd ./Middlewares/ST/STM32_USB_Device_Library/Core/Src/usbd_core.o
 .debug_info    0x0000000000017a0c      0xae0 ./Middlewares/ST/STM32_USB_Device_Library/Core/Src/usbd_ctlreq.o
 .debug_info    0x00000000000184ec      0x78f ./Middlewares/ST/STM32_USB_Device_Library/Core/Src/usbd_ioreq.o
 .debug_info    0x0000000000018c7b      0x71f ./USB_Device/App/usb_device.o
 .debug_info    0x000000000001939a      0x925 ./USB_Device/App/usbd_cdc_if.o
 .debug_info    0x0000000000019cbf      0x49b ./USB_Device/App/usbd_desc.o
 .debug_info    0x000000000001a15a     0x1e86 ./USB_Device/Target/usbd_conf.o

.debug_abbrev   0x0000000000000000     0x3ac8
 .debug_abbrev  0x0000000000000000      0x146 ./Core/Src/gpio.o
 .debug_abbrev  0x0000000000000146      0x223 ./Core/Src/hrtim.o
 .debug_abbrev  0x0000000000000369      0x20c ./Core/Src/main.o
 .debug_abbrev  0x0000000000000575       0xd5 ./Core/Src/stm32g4xx_hal_msp.o
 .debug_abbrev  0x000000000000064a      0x188 ./Core/Src/stm32g4xx_it.o
 .debug_abbrev  0x00000000000007d2      0x116 ./Core/Src/system_stm32g4xx.o
 .debug_abbrev  0x00000000000008e8      0x1fe ./Core/Src/usart.o
 .debug_abbrev  0x0000000000000ae6       0x12 ./Core/Startup/startup_stm32g474cbtx.o
 .debug_abbrev  0x0000000000000af8      0x269 ./Drivers/STM32G4xx_HAL_Driver/Src/stm32g4xx_hal.o
 .debug_abbrev  0x0000000000000d61      0x30d ./Drivers/STM32G4xx_HAL_Driver/Src/stm32g4xx_hal_cortex.o
 .debug_abbrev  0x000000000000106e      0x1bb ./Drivers/STM32G4xx_HAL_Driver/Src/stm32g4xx_hal_gpio.o
 .debug_abbrev  0x0000000000001229      0x27a ./Drivers/STM32G4xx_HAL_Driver/Src/stm32g4xx_hal_hrtim.o
 .debug_abbrev  0x00000000000014a3      0x2ab ./Drivers/STM32G4xx_HAL_Driver/Src/stm32g4xx_hal_pcd.o
 .debug_abbrev  0x000000000000174e      0x21d ./Drivers/STM32G4xx_HAL_Driver/Src/stm32g4xx_hal_pcd_ex.o
 .debug_abbrev  0x000000000000196b      0x229 ./Drivers/STM32G4xx_HAL_Driver/Src/stm32g4xx_hal_pwr_ex.o
 .debug_abbrev  0x0000000000001b94      0x2bd ./Drivers/STM32G4xx_HAL_Driver/Src/stm32g4xx_hal_rcc.o
 .debug_abbrev  0x0000000000001e51      0x247 ./Drivers/STM32G4xx_HAL_Driver/Src/stm32g4xx_hal_rcc_ex.o
 .debug_abbrev  0x0000000000002098      0x2f0 ./Drivers/STM32G4xx_HAL_Driver/Src/stm32g4xx_hal_uart.o
 .debug_abbrev  0x0000000000002388      0x2bd ./Drivers/STM32G4xx_HAL_Driver/Src/stm32g4xx_hal_uart_ex.o
 .debug_abbrev  0x0000000000002645      0x236 ./Drivers/STM32G4xx_HAL_Driver/Src/stm32g4xx_ll_usb.o
 .debug_abbrev  0x000000000000287b      0x2a6 ./Middlewares/ST/STM32_USB_Device_Library/Class/CDC/Src/usbd_cdc.o
 .debug_abbrev  0x0000000000002b21      0x23d ./Middlewares/ST/STM32_USB_Device_Library/Core/Src/usbd_core.o
 .debug_abbrev  0x0000000000002d5e      0x26d ./Middlewares/ST/STM32_USB_Device_Library/Core/Src/usbd_ctlreq.o
 .debug_abbrev  0x0000000000002fcb      0x19b ./Middlewares/ST/STM32_USB_Device_Library/Core/Src/usbd_ioreq.o
 .debug_abbrev  0x0000000000003166      0x19b ./USB_Device/App/usb_device.o
 .debug_abbrev  0x0000000000003301      0x2a1 ./USB_Device/App/usbd_cdc_if.o
 .debug_abbrev  0x00000000000035a2      0x209 ./USB_Device/App/usbd_desc.o
 .debug_abbrev  0x00000000000037ab      0x31d ./USB_Device/Target/usbd_conf.o

.debug_aranges  0x0000000000000000     0x14c8
 .debug_aranges
                0x0000000000000000       0x20 ./Core/Src/gpio.o
 .debug_aranges
                0x0000000000000020       0x38 ./Core/Src/hrtim.o
 .debug_aranges
                0x0000000000000058       0x30 ./Core/Src/main.o
 .debug_aranges
                0x0000000000000088       0x20 ./Core/Src/stm32g4xx_hal_msp.o
 .debug_aranges
                0x00000000000000a8       0x68 ./Core/Src/stm32g4xx_it.o
 .debug_aranges
                0x0000000000000110       0x28 ./Core/Src/system_stm32g4xx.o
 .debug_aranges
                0x0000000000000138       0x30 ./Core/Src/usart.o
 .debug_aranges
                0x0000000000000168       0x28 ./Core/Startup/startup_stm32g474cbtx.o
 .debug_aranges
                0x0000000000000190      0x148 ./Drivers/STM32G4xx_HAL_Driver/Src/stm32g4xx_hal.o
 .debug_aranges
                0x00000000000002d8      0x118 ./Drivers/STM32G4xx_HAL_Driver/Src/stm32g4xx_hal_cortex.o
 .debug_aranges
                0x00000000000003f0       0x58 ./Drivers/STM32G4xx_HAL_Driver/Src/stm32g4xx_hal_gpio.o
 .debug_aranges
                0x0000000000000448      0x4a0 ./Drivers/STM32G4xx_HAL_Driver/Src/stm32g4xx_hal_hrtim.o
 .debug_aranges
                0x00000000000008e8      0x138 ./Drivers/STM32G4xx_HAL_Driver/Src/stm32g4xx_hal_pcd.o
 .debug_aranges
                0x0000000000000a20       0x58 ./Drivers/STM32G4xx_HAL_Driver/Src/stm32g4xx_hal_pcd_ex.o
 .debug_aranges
                0x0000000000000a78      0x140 ./Drivers/STM32G4xx_HAL_Driver/Src/stm32g4xx_hal_pwr_ex.o
 .debug_aranges
                0x0000000000000bb8       0x98 ./Drivers/STM32G4xx_HAL_Driver/Src/stm32g4xx_hal_rcc.o
 .debug_aranges
                0x0000000000000c50       0xb0 ./Drivers/STM32G4xx_HAL_Driver/Src/stm32g4xx_hal_rcc_ex.o
 .debug_aranges
                0x0000000000000d00      0x248 ./Drivers/STM32G4xx_HAL_Driver/Src/stm32g4xx_hal_uart.o
 .debug_aranges
                0x0000000000000f48       0xa8 ./Drivers/STM32G4xx_HAL_Driver/Src/stm32g4xx_hal_uart_ex.o
 .debug_aranges
                0x0000000000000ff0       0xc8 ./Drivers/STM32G4xx_HAL_Driver/Src/stm32g4xx_ll_usb.o
 .debug_aranges
                0x00000000000010b8       0x90 ./Middlewares/ST/STM32_USB_Device_Library/Class/CDC/Src/usbd_cdc.o
 .debug_aranges
                0x0000000000001148       0xb8 ./Middlewares/ST/STM32_USB_Device_Library/Core/Src/usbd_core.o
 .debug_aranges
                0x0000000000001200       0x90 ./Middlewares/ST/STM32_USB_Device_Library/Core/Src/usbd_ctlreq.o
 .debug_aranges
                0x0000000000001290       0x50 ./Middlewares/ST/STM32_USB_Device_Library/Core/Src/usbd_ioreq.o
 .debug_aranges
                0x00000000000012e0       0x20 ./USB_Device/App/usb_device.o
 .debug_aranges
                0x0000000000001300       0x48 ./USB_Device/App/usbd_cdc_if.o
 .debug_aranges
                0x0000000000001348       0x60 ./USB_Device/App/usbd_desc.o
 .debug_aranges
                0x00000000000013a8      0x120 ./USB_Device/Target/usbd_conf.o

.debug_ranges   0x0000000000000000     0x1340
 .debug_ranges  0x0000000000000000       0x10 ./Core/Src/gpio.o
 .debug_ranges  0x0000000000000010       0x28 ./Core/Src/hrtim.o
 .debug_ranges  0x0000000000000038       0x20 ./Core/Src/main.o
 .debug_ranges  0x0000000000000058       0x10 ./Core/Src/stm32g4xx_hal_msp.o
 .debug_ranges  0x0000000000000068       0x58 ./Core/Src/stm32g4xx_it.o
 .debug_ranges  0x00000000000000c0       0x18 ./Core/Src/system_stm32g4xx.o
 .debug_ranges  0x00000000000000d8       0x20 ./Core/Src/usart.o
 .debug_ranges  0x00000000000000f8       0x20 ./Core/Startup/startup_stm32g474cbtx.o
 .debug_ranges  0x0000000000000118      0x138 ./Drivers/STM32G4xx_HAL_Driver/Src/stm32g4xx_hal.o
 .debug_ranges  0x0000000000000250      0x108 ./Drivers/STM32G4xx_HAL_Driver/Src/stm32g4xx_hal_cortex.o
 .debug_ranges  0x0000000000000358       0x48 ./Drivers/STM32G4xx_HAL_Driver/Src/stm32g4xx_hal_gpio.o
 .debug_ranges  0x00000000000003a0      0x490 ./Drivers/STM32G4xx_HAL_Driver/Src/stm32g4xx_hal_hrtim.o
 .debug_ranges  0x0000000000000830      0x128 ./Drivers/STM32G4xx_HAL_Driver/Src/stm32g4xx_hal_pcd.o
 .debug_ranges  0x0000000000000958       0x48 ./Drivers/STM32G4xx_HAL_Driver/Src/stm32g4xx_hal_pcd_ex.o
 .debug_ranges  0x00000000000009a0      0x130 ./Drivers/STM32G4xx_HAL_Driver/Src/stm32g4xx_hal_pwr_ex.o
 .debug_ranges  0x0000000000000ad0       0x88 ./Drivers/STM32G4xx_HAL_Driver/Src/stm32g4xx_hal_rcc.o
 .debug_ranges  0x0000000000000b58       0xa0 ./Drivers/STM32G4xx_HAL_Driver/Src/stm32g4xx_hal_rcc_ex.o
 .debug_ranges  0x0000000000000bf8      0x268 ./Drivers/STM32G4xx_HAL_Driver/Src/stm32g4xx_hal_uart.o
 .debug_ranges  0x0000000000000e60       0x98 ./Drivers/STM32G4xx_HAL_Driver/Src/stm32g4xx_hal_uart_ex.o
 .debug_ranges  0x0000000000000ef8       0xb8 ./Drivers/STM32G4xx_HAL_Driver/Src/stm32g4xx_ll_usb.o
 .debug_ranges  0x0000000000000fb0       0x80 ./Middlewares/ST/STM32_USB_Device_Library/Class/CDC/Src/usbd_cdc.o
 .debug_ranges  0x0000000000001030       0xa8 ./Middlewares/ST/STM32_USB_Device_Library/Core/Src/usbd_core.o
 .debug_ranges  0x00000000000010d8       0x80 ./Middlewares/ST/STM32_USB_Device_Library/Core/Src/usbd_ctlreq.o
 .debug_ranges  0x0000000000001158       0x40 ./Middlewares/ST/STM32_USB_Device_Library/Core/Src/usbd_ioreq.o
 .debug_ranges  0x0000000000001198       0x10 ./USB_Device/App/usb_device.o
 .debug_ranges  0x00000000000011a8       0x38 ./USB_Device/App/usbd_cdc_if.o
 .debug_ranges  0x00000000000011e0       0x50 ./USB_Device/App/usbd_desc.o
 .debug_ranges  0x0000000000001230      0x110 ./USB_Device/Target/usbd_conf.o

.debug_macro    0x0000000000000000    0x2a681
 .debug_macro   0x0000000000000000      0x201 ./Core/Src/gpio.o
 .debug_macro   0x0000000000000201      0xa78 ./Core/Src/gpio.o
 .debug_macro   0x0000000000000c79      0x161 ./Core/Src/gpio.o
 .debug_macro   0x0000000000000dda       0x2e ./Core/Src/gpio.o
 .debug_macro   0x0000000000000e08       0x28 ./Core/Src/gpio.o
 .debug_macro   0x0000000000000e30       0x22 ./Core/Src/gpio.o
 .debug_macro   0x0000000000000e52       0x8e ./Core/Src/gpio.o
 .debug_macro   0x0000000000000ee0       0x51 ./Core/Src/gpio.o
 .debug_macro   0x0000000000000f31      0x103 ./Core/Src/gpio.o
 .debug_macro   0x0000000000001034       0x6a ./Core/Src/gpio.o
 .debug_macro   0x000000000000109e      0x1df ./Core/Src/gpio.o
 .debug_macro   0x000000000000127d       0x1c ./Core/Src/gpio.o
 .debug_macro   0x0000000000001299       0x22 ./Core/Src/gpio.o
 .debug_macro   0x00000000000012bb       0xfb ./Core/Src/gpio.o
 .debug_macro   0x00000000000013b6     0x1011 ./Core/Src/gpio.o
 .debug_macro   0x00000000000023c7      0x11f ./Core/Src/gpio.o
 .debug_macro   0x00000000000024e6    0x18b45 ./Core/Src/gpio.o
 .debug_macro   0x000000000001b02b       0x6d ./Core/Src/gpio.o
 .debug_macro   0x000000000001b098     0x354d ./Core/Src/gpio.o
 .debug_macro   0x000000000001e5e5      0x174 ./Core/Src/gpio.o
 .debug_macro   0x000000000001e759       0x5c ./Core/Src/gpio.o
 .debug_macro   0x000000000001e7b5     0x171f ./Core/Src/gpio.o
 .debug_macro   0x000000000001fed4      0x600 ./Core/Src/gpio.o
 .debug_macro   0x00000000000204d4      0x1b6 ./Core/Src/gpio.o
 .debug_macro   0x000000000002068a      0x34a ./Core/Src/gpio.o
 .debug_macro   0x00000000000209d4      0x53c ./Core/Src/gpio.o
 .debug_macro   0x0000000000020f10      0x18b ./Core/Src/gpio.o
 .debug_macro   0x000000000002109b       0x43 ./Core/Src/gpio.o
 .debug_macro   0x00000000000210de      0x23d ./Core/Src/gpio.o
 .debug_macro   0x000000000002131b      0x211 ./Core/Src/gpio.o
 .debug_macro   0x000000000002152c      0x45c ./Core/Src/gpio.o
 .debug_macro   0x0000000000021988      0x11c ./Core/Src/gpio.o
 .debug_macro   0x0000000000021aa4     0x20a8 ./Core/Src/gpio.o
 .debug_macro   0x0000000000023b4c       0x73 ./Core/Src/gpio.o
 .debug_macro   0x0000000000023bbf      0x22d ./Core/Src/gpio.o
 .debug_macro   0x0000000000023dec      0x122 ./Core/Src/gpio.o
 .debug_macro   0x0000000000023f0e      0x3d1 ./Core/Src/gpio.o
 .debug_macro   0x00000000000242df      0x693 ./Core/Src/gpio.o
 .debug_macro   0x0000000000024972       0xa6 ./Core/Src/gpio.o
 .debug_macro   0x0000000000024a18      0x358 ./Core/Src/gpio.o
 .debug_macro   0x0000000000024d70       0x88 ./Core/Src/gpio.o
 .debug_macro   0x0000000000024df8      0x201 ./Core/Src/hrtim.o
 .debug_macro   0x0000000000024ff9      0x404 ./Core/Src/main.o
 .debug_macro   0x00000000000253fd       0x52 ./Core/Src/main.o
 .debug_macro   0x000000000002544f       0x1e ./Core/Src/main.o
 .debug_macro   0x000000000002546d       0x3c ./Core/Src/main.o
 .debug_macro   0x00000000000254a9       0x34 ./Core/Src/main.o
 .debug_macro   0x00000000000254dd       0x16 ./Core/Src/main.o
 .debug_macro   0x00000000000254f3       0x35 ./Core/Src/main.o
 .debug_macro   0x0000000000025528      0x341 ./Core/Src/main.o
 .debug_macro   0x0000000000025869       0x10 ./Core/Src/main.o
 .debug_macro   0x0000000000025879       0x16 ./Core/Src/main.o
 .debug_macro   0x000000000002588f       0x43 ./Core/Src/main.o
 .debug_macro   0x00000000000258d2       0x34 ./Core/Src/main.o
 .debug_macro   0x0000000000025906       0x10 ./Core/Src/main.o
 .debug_macro   0x0000000000025916       0x58 ./Core/Src/main.o
 .debug_macro   0x000000000002596e       0x71 ./Core/Src/main.o
 .debug_macro   0x00000000000259df       0x1c ./Core/Src/main.o
 .debug_macro   0x00000000000259fb      0x12a ./Core/Src/main.o
 .debug_macro   0x0000000000025b25       0x10 ./Core/Src/main.o
 .debug_macro   0x0000000000025b35       0x1c ./Core/Src/main.o
 .debug_macro   0x0000000000025b51       0x52 ./Core/Src/main.o
 .debug_macro   0x0000000000025ba3       0x22 ./Core/Src/main.o
 .debug_macro   0x0000000000025bc5       0x10 ./Core/Src/main.o
 .debug_macro   0x0000000000025bd5       0x52 ./Core/Src/main.o
 .debug_macro   0x0000000000025c27       0xd5 ./Core/Src/main.o
 .debug_macro   0x0000000000025cfc       0x1c ./Core/Src/main.o
 .debug_macro   0x0000000000025d18       0x3d ./Core/Src/main.o
 .debug_macro   0x0000000000025d55       0x16 ./Core/Src/main.o
 .debug_macro   0x0000000000025d6b      0x145 ./Core/Src/main.o
 .debug_macro   0x0000000000025eb0       0x16 ./Core/Src/main.o
 .debug_macro   0x0000000000025ec6       0x16 ./Core/Src/main.o
 .debug_macro   0x0000000000025edc       0x29 ./Core/Src/main.o
 .debug_macro   0x0000000000025f05       0x16 ./Core/Src/main.o
 .debug_macro   0x0000000000025f1b       0x20 ./Core/Src/main.o
 .debug_macro   0x0000000000025f3b       0x5f ./Core/Src/main.o
 .debug_macro   0x0000000000025f9a      0x1ef ./Core/Src/main.o
 .debug_macro   0x0000000000026189      0x1f7 ./Core/Src/stm32g4xx_hal_msp.o
 .debug_macro   0x0000000000026380      0x201 ./Core/Src/stm32g4xx_it.o
 .debug_macro   0x0000000000026581      0x1e8 ./Core/Src/system_stm32g4xx.o
 .debug_macro   0x0000000000026769      0x201 ./Core/Src/usart.o
 .debug_macro   0x000000000002696a      0x236 ./Drivers/STM32G4xx_HAL_Driver/Src/stm32g4xx_hal.o
 .debug_macro   0x0000000000026ba0      0x1e8 ./Drivers/STM32G4xx_HAL_Driver/Src/stm32g4xx_hal_cortex.o
 .debug_macro   0x0000000000026d88      0x1ef ./Drivers/STM32G4xx_HAL_Driver/Src/stm32g4xx_hal_gpio.o
 .debug_macro   0x0000000000026f77      0x205 ./Drivers/STM32G4xx_HAL_Driver/Src/stm32g4xx_hal_hrtim.o
 .debug_macro   0x000000000002717c      0x1f4 ./Drivers/STM32G4xx_HAL_Driver/Src/stm32g4xx_hal_pcd.o
 .debug_macro   0x0000000000027370      0x1e8 ./Drivers/STM32G4xx_HAL_Driver/Src/stm32g4xx_hal_pcd_ex.o
 .debug_macro   0x0000000000027558      0x212 ./Drivers/STM32G4xx_HAL_Driver/Src/stm32g4xx_hal_pwr_ex.o
 .debug_macro   0x000000000002776a      0x22a ./Drivers/STM32G4xx_HAL_Driver/Src/stm32g4xx_hal_rcc.o
 .debug_macro   0x0000000000027994      0x212 ./Drivers/STM32G4xx_HAL_Driver/Src/stm32g4xx_hal_rcc_ex.o
 .debug_macro   0x0000000000027ba6      0x213 ./Drivers/STM32G4xx_HAL_Driver/Src/stm32g4xx_hal_uart.o
 .debug_macro   0x0000000000027db9      0x1f4 ./Drivers/STM32G4xx_HAL_Driver/Src/stm32g4xx_hal_uart_ex.o
 .debug_macro   0x0000000000027fad      0x1e8 ./Drivers/STM32G4xx_HAL_Driver/Src/stm32g4xx_ll_usb.o
 .debug_macro   0x0000000000028195      0x3fe ./Middlewares/ST/STM32_USB_Device_Library/Class/CDC/Src/usbd_cdc.o
 .debug_macro   0x0000000000028593       0x97 ./Middlewares/ST/STM32_USB_Device_Library/Class/CDC/Src/usbd_cdc.o
 .debug_macro   0x000000000002862a       0xfd ./Middlewares/ST/STM32_USB_Device_Library/Class/CDC/Src/usbd_cdc.o
 .debug_macro   0x0000000000028727       0x56 ./Middlewares/ST/STM32_USB_Device_Library/Class/CDC/Src/usbd_cdc.o
 .debug_macro   0x000000000002877d       0x95 ./Middlewares/ST/STM32_USB_Device_Library/Class/CDC/Src/usbd_cdc.o
 .debug_macro   0x0000000000028812      0x3e5 ./Middlewares/ST/STM32_USB_Device_Library/Core/Src/usbd_core.o
 .debug_macro   0x0000000000028bf7      0x1f5 ./Middlewares/ST/STM32_USB_Device_Library/Core/Src/usbd_core.o
 .debug_macro   0x0000000000028dec      0x3ef ./Middlewares/ST/STM32_USB_Device_Library/Core/Src/usbd_ctlreq.o
 .debug_macro   0x00000000000291db      0x3eb ./Middlewares/ST/STM32_USB_Device_Library/Core/Src/usbd_ioreq.o
 .debug_macro   0x00000000000295c6      0x424 ./USB_Device/App/usb_device.o
 .debug_macro   0x00000000000299ea       0x22 ./USB_Device/App/usb_device.o
 .debug_macro   0x0000000000029a0c       0x16 ./USB_Device/App/usb_device.o
 .debug_macro   0x0000000000029a22      0x409 ./USB_Device/App/usbd_cdc_if.o
 .debug_macro   0x0000000000029e2b       0x10 ./USB_Device/App/usbd_cdc_if.o
 .debug_macro   0x0000000000029e3b      0x422 ./USB_Device/App/usbd_desc.o
 .debug_macro   0x000000000002a25d       0x1c ./USB_Device/App/usbd_desc.o
 .debug_macro   0x000000000002a279      0x408 ./USB_Device/Target/usbd_conf.o

.debug_line     0x0000000000000000    0x1ac99
 .debug_line    0x0000000000000000      0x73d ./Core/Src/gpio.o
 .debug_line    0x000000000000073d      0x807 ./Core/Src/hrtim.o
 .debug_line    0x0000000000000f44      0xa59 ./Core/Src/main.o
 .debug_line    0x000000000000199d      0x703 ./Core/Src/stm32g4xx_hal_msp.o
 .debug_line    0x00000000000020a0      0x7dc ./Core/Src/stm32g4xx_it.o
 .debug_line    0x000000000000287c      0x76b ./Core/Src/system_stm32g4xx.o
 .debug_line    0x0000000000002fe7      0x7a0 ./Core/Src/usart.o
 .debug_line    0x0000000000003787       0x89 ./Core/Startup/startup_stm32g474cbtx.o
 .debug_line    0x0000000000003810      0xb2a ./Drivers/STM32G4xx_HAL_Driver/Src/stm32g4xx_hal.o
 .debug_line    0x000000000000433a      0xc95 ./Drivers/STM32G4xx_HAL_Driver/Src/stm32g4xx_hal_cortex.o
 .debug_line    0x0000000000004fcf      0xb25 ./Drivers/STM32G4xx_HAL_Driver/Src/stm32g4xx_hal_gpio.o
 .debug_line    0x0000000000005af4     0x498d ./Drivers/STM32G4xx_HAL_Driver/Src/stm32g4xx_hal_hrtim.o
 .debug_line    0x000000000000a481     0x1337 ./Drivers/STM32G4xx_HAL_Driver/Src/stm32g4xx_hal_pcd.o
 .debug_line    0x000000000000b7b8      0x86a ./Drivers/STM32G4xx_HAL_Driver/Src/stm32g4xx_hal_pcd_ex.o
 .debug_line    0x000000000000c022      0xc99 ./Drivers/STM32G4xx_HAL_Driver/Src/stm32g4xx_hal_pwr_ex.o
 .debug_line    0x000000000000ccbb      0xef5 ./Drivers/STM32G4xx_HAL_Driver/Src/stm32g4xx_hal_rcc.o
 .debug_line    0x000000000000dbb0     0x1205 ./Drivers/STM32G4xx_HAL_Driver/Src/stm32g4xx_hal_rcc_ex.o
 .debug_line    0x000000000000edb5     0x3b71 ./Drivers/STM32G4xx_HAL_Driver/Src/stm32g4xx_hal_uart.o
 .debug_line    0x0000000000012926      0xd4d ./Drivers/STM32G4xx_HAL_Driver/Src/stm32g4xx_hal_uart_ex.o
 .debug_line    0x0000000000013673      0xfca ./Drivers/STM32G4xx_HAL_Driver/Src/stm32g4xx_ll_usb.o
 .debug_line    0x000000000001463d      0xdc1 ./Middlewares/ST/STM32_USB_Device_Library/Class/CDC/Src/usbd_cdc.o
 .debug_line    0x00000000000153fe      0xe44 ./Middlewares/ST/STM32_USB_Device_Library/Core/Src/usbd_core.o
 .debug_line    0x0000000000016242     0x10e4 ./Middlewares/ST/STM32_USB_Device_Library/Core/Src/usbd_ctlreq.o
 .debug_line    0x0000000000017326      0xa9b ./Middlewares/ST/STM32_USB_Device_Library/Core/Src/usbd_ioreq.o
 .debug_line    0x0000000000017dc1      0xa57 ./USB_Device/App/usb_device.o
 .debug_line    0x0000000000018818      0xaba ./USB_Device/App/usbd_cdc_if.o
 .debug_line    0x00000000000192d2      0xb20 ./USB_Device/App/usbd_desc.o
 .debug_line    0x0000000000019df2      0xea7 ./USB_Device/Target/usbd_conf.o

.debug_str      0x0000000000000000   0x10e335
 .debug_str     0x0000000000000000   0x10280b ./Core/Src/gpio.o
                                     0x102ac4 (size before relaxing)
 .debug_str     0x000000000010280b      0x913 ./Core/Src/hrtim.o
                                     0x1033f2 (size before relaxing)
 .debug_str     0x000000000010311e     0x4a1f ./Core/Src/main.o
                                     0x107aa6 (size before relaxing)
 .debug_str     0x0000000000107b3d       0x4d ./Core/Src/stm32g4xx_hal_msp.o
                                     0x102a1a (size before relaxing)
 .debug_str     0x0000000000107b8a      0x3b7 ./Core/Src/stm32g4xx_it.o
                                     0x102d16 (size before relaxing)
 .debug_str     0x0000000000107f41       0xdb ./Core/Src/system_stm32g4xx.o
                                     0x1028ba (size before relaxing)
 .debug_str     0x000000000010801c      0x4dc ./Core/Src/usart.o
                                     0x1032b3 (size before relaxing)
 .debug_str     0x00000000001084f8       0x36 ./Core/Startup/startup_stm32g474cbtx.o
                                         0x57 (size before relaxing)
 .debug_str     0x000000000010852e      0xc2a ./Drivers/STM32G4xx_HAL_Driver/Src/stm32g4xx_hal.o
                                     0x1035cc (size before relaxing)
 .debug_str     0x0000000000109158      0x344 ./Drivers/STM32G4xx_HAL_Driver/Src/stm32g4xx_hal_cortex.o
                                     0x103250 (size before relaxing)
 .debug_str     0x000000000010949c      0x123 ./Drivers/STM32G4xx_HAL_Driver/Src/stm32g4xx_hal_gpio.o
                                     0x102a45 (size before relaxing)
 .debug_str     0x00000000001095bf     0x196c ./Drivers/STM32G4xx_HAL_Driver/Src/stm32g4xx_hal_hrtim.o
                                     0x104cb5 (size before relaxing)
 .debug_str     0x000000000010af2b      0x577 ./Drivers/STM32G4xx_HAL_Driver/Src/stm32g4xx_hal_pcd.o
                                     0x103036 (size before relaxing)
 .debug_str     0x000000000010b4a2      0x186 ./Drivers/STM32G4xx_HAL_Driver/Src/stm32g4xx_hal_pcd_ex.o
                                     0x102c72 (size before relaxing)
 .debug_str     0x000000000010b628      0x4a5 ./Drivers/STM32G4xx_HAL_Driver/Src/stm32g4xx_hal_pwr_ex.o
                                     0x102da8 (size before relaxing)
 .debug_str     0x000000000010bacd      0x506 ./Drivers/STM32G4xx_HAL_Driver/Src/stm32g4xx_hal_rcc.o
                                     0x102fd9 (size before relaxing)
 .debug_str     0x000000000010bfd3      0x40b ./Drivers/STM32G4xx_HAL_Driver/Src/stm32g4xx_hal_rcc_ex.o
                                     0x103003 (size before relaxing)
 .debug_str     0x000000000010c3de      0x9db ./Drivers/STM32G4xx_HAL_Driver/Src/stm32g4xx_hal_uart.o
                                     0x103875 (size before relaxing)
 .debug_str     0x000000000010cdb9      0x26b ./Drivers/STM32G4xx_HAL_Driver/Src/stm32g4xx_hal_uart_ex.o
                                     0x103073 (size before relaxing)
 .debug_str     0x000000000010d024       0xd3 ./Drivers/STM32G4xx_HAL_Driver/Src/stm32g4xx_ll_usb.o
                                     0x102b73 (size before relaxing)
 .debug_str     0x000000000010d0f7      0x9a4 ./Middlewares/ST/STM32_USB_Device_Library/Class/CDC/Src/usbd_cdc.o
                                     0x107d4c (size before relaxing)
 .debug_str     0x000000000010da9b      0x288 ./Middlewares/ST/STM32_USB_Device_Library/Core/Src/usbd_core.o
                                     0x107628 (size before relaxing)
 .debug_str     0x000000000010dd23      0x147 ./Middlewares/ST/STM32_USB_Device_Library/Core/Src/usbd_ctlreq.o
                                     0x10757a (size before relaxing)
 .debug_str     0x000000000010de6a       0x51 ./Middlewares/ST/STM32_USB_Device_Library/Core/Src/usbd_ioreq.o
                                     0x10746f (size before relaxing)
 .debug_str     0x000000000010debb      0x106 ./USB_Device/App/usb_device.o
                                     0x107823 (size before relaxing)
 .debug_str     0x000000000010dfc1       0x9a ./USB_Device/App/usbd_cdc_if.o
                                     0x107862 (size before relaxing)
 .debug_str     0x000000000010e05b      0x249 ./USB_Device/App/usbd_desc.o
                                     0x10736e (size before relaxing)
 .debug_str     0x000000000010e2a4       0x91 ./USB_Device/Target/usbd_conf.o
                                     0x108904 (size before relaxing)

.comment        0x0000000000000000       0x50
 .comment       0x0000000000000000       0x50 ./Core/Src/gpio.o
                                         0x51 (size before relaxing)
 .comment       0x0000000000000050       0x51 ./Core/Src/hrtim.o
 .comment       0x0000000000000050       0x51 ./Core/Src/main.o
 .comment       0x0000000000000050       0x51 ./Core/Src/stm32g4xx_hal_msp.o
 .comment       0x0000000000000050       0x51 ./Core/Src/stm32g4xx_it.o
 .comment       0x0000000000000050       0x51 ./Core/Src/system_stm32g4xx.o
 .comment       0x0000000000000050       0x51 ./Core/Src/usart.o
 .comment       0x0000000000000050       0x51 ./Drivers/STM32G4xx_HAL_Driver/Src/stm32g4xx_hal.o
 .comment       0x0000000000000050       0x51 ./Drivers/STM32G4xx_HAL_Driver/Src/stm32g4xx_hal_cortex.o
 .comment       0x0000000000000050       0x51 ./Drivers/STM32G4xx_HAL_Driver/Src/stm32g4xx_hal_gpio.o
 .comment       0x0000000000000050       0x51 ./Drivers/STM32G4xx_HAL_Driver/Src/stm32g4xx_hal_hrtim.o
 .comment       0x0000000000000050       0x51 ./Drivers/STM32G4xx_HAL_Driver/Src/stm32g4xx_hal_pcd.o